 anger 
 annoyed 
 contempt 
 dismay 
 distressed 
 drab 
 embarrassing 
 gloomy 
 grieve 
 hideous 
 horrific 
 malevolent 
 misanthropic 
 misanthropical 
 mortifying 
 mournful 
 offend 
 sorrow 
 sorry 
 torment 
 trouble 
 ugly 
 unhappy 
 vexing 
 worried 
 abase 
 abhorrence 
 abomination 
 aggravation 
 angrily 
 angry 
 annoy 
 annoying 
 anxiously 
 apprehensively 
 atrocious 
 belligerent 
 bereaved 
 bothersome 
 brokenheartedness 
 bulk_large 
 cast_down 
 chagrin 
 cheerless 
 cheerlessness 
 chilling 
 choleric 
 commiserate 
 commiseration 
 compassion 
 compassionateness 
 condole_with 
 conniption 
 contemn 
 contrite 
 covet 
 cynical 
 daze 
 defeated 
 deject 
 demeaning 
 depressing 
 desolate 
 despairingly 
 despise 
 despite 
 despiteful 
 despondent 
 despondently 
 detest 
 detestation 
 diffidence 
 dingy 
 dire 
 direful 
 disappointed 
 discomfited 
 disconsolate 
 disdain 
 disdain 
 disgraced 
 disgustedly 
 disgustful 
 disgusting 
 dishonored 
 disinclined 
 dislikable 
 dislike 
 dismal 
 dispirit 
 displease 
 displeased 
 displeasing 
 disquieted 
 distasteful 
 distressful 
 distressfully 
 disturbing 
 doleful 
 dolefulness 
 dolor 
 dolorous 
 dolour 
 dolourous 
 down_in_the_mouth 
 downhearted 
 dread 
 dread 
 dreaded 
 dreadful 
 drear 
 dreary 
 dysphoria 
 dysphoric 
 fearsome 
 feel_for 
 foiled 
 forlorn 
 frightening 
 frustrated 
 galling 
 gloomful 
 glooming 
 glum 
 green-eyed 
 grief-stricken 
 grieving 
 guilt 
 guilt_feelings 
 guilt_trip 
 guilty_conscience 
 harassed 
 harried 
 hate 
 heartache 
 heartbreak 
 heartbreaking 
 heartburning 
 heartrending 
 heartsick 
 heavyhearted 
 horrendous 
 horrible 
 horrified 
 horrifying 
 horror 
 horror-stricken 
 horror-struck 
 huffiness 
 huffish 
 humble 
 humbling 
 humiliate 
 humiliating 
 ignominious 
 inauspicious 
 incensed 
 indignant 
 infuriating 
 inglorious 
 ingratitude 
 intimidated 
 irascible 
 irritated 
 lachrymose 
 loathing 
 loathly 
 low-spirited 
 maddening 
 malefic 
 maleficence 
 malevolence 
 malice 
 maliciousness 
 malign 
 malignity 
 melancholic 
 melancholy 
 miffed 
 misogynism 
 misogyny 
 mournfulness 
 mourning 
 nervy 
 nettle 
 nettled 
 nettlesome 
 noisome 
 opprobrious 
 outraged 
 overjealous 
 panic_attack 
 peeved 
 penitent 
 perturbing 
 pesky 
 pestered 
 pestering 
 pique 
 pissed_off 
 pity 
 plaguey 
 plaguy 
 plaintive 
 pout 
 provoked 
 regret 
 regretful 
 remorseful 
 repelling 
 repentant 
 resentful 
 revolting 
 revulsion 
 riled 
 risky 
 rueful 
 ruefulness 
 ruthful 
 ruthfulness 
 sadden 
 sadness 
 scarey 
 scary 
 scorn 
 scorn 
 see_red 
 self-distrust 
 self-doubt 
 shivery 
 shuddery 
 skanky 
 sore 
 sorrow 
 sorrowfulness 
 sorrowing 
 spite 
 spiteful 
 spitefulness 
 stung 
 suffering 
 sulk 
 sulky 
 tantrum 
 tearfulness 
 thwarted 
 troubling 
 uncheerful 
 uneasily 
 unenviable 
 unfriendliness 
 ungratefulness 
 unhappiness 
 unhopeful 
 unkind 
 venom 
 vexatious 
 vile 
 weepiness 
 woe 
 woebegone 
 woefulness 
 worrisome 
 worrying 
 wrathful 
 wroth 
 wrothful 
 yucky 
 adynamia 
 afflict 
 affliction 
 afflictive 
 anguish 
 anguish 
 animadversion 
 assuming 
 asymmetry 
 atrophy 
 backwardness 
 baleful 
 bastard 
 bastard 
 berating 
 betray 
 bitchiness 
 blamable 
 blameable 
 blameful 
 blameworthy 
 blemish 
 blemished 
 blockheaded 
 bloodguilty 
 blowing_up 
 bogus 
 boneheaded 
 bump_off 
 by-blow 
 cabbage 
 caddish 
 caliginous 
 callowness 
 calumniatory 
 calumnious 
 carnage 
 castigate 
 cattiness 
 cause_of_death 
 censurable 
 charcoal 
 charnel 
 cheat_on 
 chinchy 
 churlish 
 clamminess 
 cloddish 
 condemnable 
 condemnatory 
 condemning 
 condolence 
 contemptuousness 
 contrabandist 
 convict 
 crappy 
 crass 
 crocodile_tears 
 cuckold 
 culpable 
 curmudgeonly 
 dankness 
 darkening 
 darkish 
 deaf-and-dumb 
 deaf-mute 
 decayable 
 decayed 
 deceive 
 defamatory 
 defect 
 delude 
 demote 
 denigrating 
 denigrative 
 denigratory 
 desecrated 
 despicable 
 despoiled 
 dickhead 
 difficultness 
 disadvantageous 
 disagreeable 
 disagreeableness 
 discontinuity 
 disesteem 
 disfluency 
 disharmony 
 dishearten 
 dishonor 
 dishonour 
 disliked 
 disregard 
 dissimulative 
 dissymmetry 
 do_in 
 doltish 
 duncical 
 duncish 
 egregious 
 enrage 
 evil-looking 
 eyesore 
 fatheaded 
 fetid 
 filch 
 flagrant 
 flawed 
 flood_out 
 foetid 
 foolishly 
 forget_me_drug 
 forsake 
 foul-smelling 
 freeze_off 
 frigidly 
 frostily 
 frown 
 gammy 
 gaumless 
 get_under_one's_skin 
 ghoulish 
 gloat 
 gloating 
 go_wrong 
 god-awful 
 godforsaken 
 gormless 
 guiltiness 
 harmful 
 hell 
 hell_on_earth 
 hellhole 
 hot_water 
 humbug 
 hypochondriac 
 hypochondriacal 
 ill-humored 
 ill-humoured 
 ill-scented 
 ill-smelling 
 ill_humor 
 ill_humour 
 ill_nature 
 illegitimate 
 illegitimate_child 
 immoderate 
 impassable 
 improperly 
 improperness 
 impugn 
 inadmissible 
 inanity 
 inaptitude 
 incapacity 
 incompetence 
 incompetency 
 incomprehensive 
 incoordination 
 indecorousness 
 inefficaciousness 
 inefficacy 
 inefficiency 
 inelasticity 
 inexperienced 
 inexperient 
 inflexibleness 
 inharmoniousness 
 involuntariness 
 irrecoverable 
 kick_downstairs 
 liar 
 libellous 
 libelous 
 loggerheaded 
 love_child 
 loveless 
 malignment 
 malodorous 
 malodourous 
 manic-depressive 
 manky 
 mar 
 mass_murder 
 massacre 
 menacing 
 mental_retardation 
 mentally_ill 
 minacious 
 minatory 
 misapply 
 misbegot 
 misbegotten 
 misbehavior 
 misbehaviour 
 miscarry 
 mischievous 
 misdeed 
 misogynistic 
 misogynous 
 misuse 
 moon-curser 
 moon_curser 
 mother_fucker 
 motherfucker 
 murder 
 murder 
 nagging 
 nastiness 
 nervous_breakdown 
 netherworld 
 nitwitted 
 non-living 
 noncomprehensive 
 nondigestible 
 nonliving 
 off 
 on_the_hook 
 overpoweringly 
 overwhelmingly 
 parsimonious 
 perplex 
 phobic 
 phoney 
 phony 
 pilfer 
 pitch-black 
 pitch_black 
 pointlessness 
 pooh-pooh 
 presumptuous 
 prevaricator 
 protestant 
 psychopathic 
 psychopathologic 
 psychopathological 
 purloin 
 putrefiable 
 putrescible 
 quack 
 rampage 
 rank-smelling 
 raped 
 raucous 
 ravaged 
 reprehensible 
 roofy 
 rophy 
 rotted 
 rotten 
 rough-spoken 
 rubbishy 
 sacked 
 scowl 
 scurrilous 
 self-destructive 
 selfishness 
 senselessness 
 sharp-worded 
 shirty 
 shitty 
 shortcoming 
 showdown 
 shrewish 
 slanderous 
 slay 
 slayer 
 slaying 
 smash_up 
 smelly 
 smuggle 
 smuggler 
 snarf 
 snorty 
 soft-witted 
 son_of_a_bitch 
 soot_black 
 spoilable 
 spurn 
 static 
 stinking 
 stinky 
 strife 
 suicidal 
 surly 
 tactlessness 
 talentlessness 
 tempest 
 tenebrific 
 tenebrious 
 tenebrous 
 the_pits 
 thick-skulled 
 thickheaded 
 unanimated 
 unappreciative 
 unbending 
 unchivalrous 
 uncleanliness 
 unconnectedness 
 unconstructive 
 uncooperative 
 uncouthness 
 uncreativeness 
 under_attack 
 under_fire 
 undeserving 
 undignified 
 unenlightenment 
 unfavorably 
 unfavourably 
 ungallant 
 unknowing 
 unknowledgeable 
 unmalleability 
 unmerited 
 unmitigable 
 unnavigable 
 unobliging 
 unpassable 
 unperceptiveness 
 unpleasant-smelling 
 unpleasingness 
 unrecoverable 
 unseemliness 
 unsightly 
 untraversable 
 untrustworthy 
 untrusty 
 unwillingness 
 unwisely 
 unworthy 
 vilification 
 violent_disorder 
 waste 
 wasting_away 
 weak_point 
 weep 
 weigh_on 
 whoreson 
 withering 
 witless 
 wooden-headed 
 aboulic 
 abulic 
 achromasia 
 achromatous 
 acidulent 
 acidulous 
 aggravated_assault 
 agonised 
 agonized 
 alas 
 algid 
 algophobic 
 amateurishness 
 anguished 
 asshole 
 assumed 
 atrabilious 
 bad-tempered 
 baseness 
 bastardly 
 bawl_out 
 bawling_out 
 beetle-browed 
 berate 
 bereavement 
 betise 
 blindness 
 brainish 
 brash 
 brokenhearted 
 brusk 
 brusque 
 burned-over 
 bypass 
 call_on_the_carpet 
 cataclysmal 
 cataclysmic 
 cecity 
 chargeable 
 chastise 
 cheeky 
 chew_out 
 chew_up 
 chewing_out 
 chide 
 closefisted 
 conscienceless 
 contemptibility 
 contemptible 
 contemptuous 
 contumely 
 coup_de_main 
 crabbed 
 crabby 
 crazed 
 creepy-crawlies 
 crock_up 
 cruelness 
 cussedness 
 damnatory 
 damning 
 dangerous 
 dark-colored 
 dark-coloured 
 darkling 
 deafness 
 demean 
 deranged 
 deride 
 derisive 
 despicability 
 despicableness 
 despised 
 destructive 
 destructiveness 
 detested 
 disapprobation 
 disequilibrium 
 disingenuousness 
 disproportional 
 disturb 
 drag_up 
 dredge_up 
 dressing_down 
 dumbfound 
 dusky-colored 
 dusky-coloured 
 dustup 
 dyspeptic 
 empurpled 
 ersatz 
 exceptionable 
 fallout 
 feeblemindedness 
 feigned 
 feral 
 ferine 
 ferocity 
 fetor 
 fierceness 
 flightless 
 flummox 
 foetor 
 forceless 
 fragility 
 fraudulent 
 frowning 
 furiousness 
 gibelike 
 godless 
 grossness 
 grotty 
 grouchy 
 grumpy 
 gun_down 
 half-crazed 
 hardfisted 
 hated 
 have_words 
 hazardous 
 hearing_loss 
 heartbroken 
 hellish 
 hexed 
 hot-tempered 
 hot_under_the_collar 
 hotheaded 
 hypochondria 
 hypochondriasis 
 hypopigmentation 
 ignorantness 
 ill-being 
 ill-considered 
 ill-judged 
 ill-natured 
 ill-tempered 
 immoderateness 
 immoderation 
 imperfectly 
 impetuous 
 impiety 
 impiousness 
 impish 
 implacable 
 implike 
 imprecise 
 improvidence 
 imprudence 
 inaccurate 
 inadequately 
 inadequateness 
 inadvisable 
 inauthentic 
 incognizance 
 incognizant 
 incompressible 
 inconsolable 
 indictable 
 indigestible 
 ineffectiveness 
 ineffectuality 
 ineffectualness 
 inefficient 
 inequitable 
 inexpiable 
 inextirpable 
 inextricable 
 infernal_region 
 infertile 
 inflict 
 inhospitality 
 inopportune 
 insolvency 
 insulting 
 irk 
 irreversible 
 irritant 
 jeering 
 jinxed 
 killer 
 kvetch 
 liverish 
 livery 
 lividness 
 lynch 
 madcap 
 malodor 
 malodour 
 mephitic 
 miserliness 
 misleading 
 misuse 
 mobbish 
 moblike 
 mulish 
 mysophobic 
 naiveness 
 naivete 
 naivety 
 namby-pamby 
 nescience 
 niff 
 niffy 
 nonintellectual 
 nonplus 
 objectionable 
 obnoxious 
 obtund 
 offended 
 orneriness 
 ostentatiousness 
 over-embellished 
 pain 
 pained 
 pallidness 
 pallor 
 peevish 
 penalise 
 penalize 
 perniciousness 
 perplexed 
 pettish 
 petulant 
 pine 
 plain 
 pomposity 
 pompousness 
 pong 
 poor-spirited 
 prankish 
 pretend 
 pretended 
 primitiveness 
 puckish 
 punish 
 pusillanimous 
 put_on 
 putrid-smelling 
 quetch 
 quick-tempered 
 raise_the_roof 
 rancorous 
 raunch 
 rebuke 
 reek 
 regrettably 
 resourceless 
 revilement 
 roughhouse 
 rowdy 
 rudeness 
 run-in 
 sackcloth_and_ashes 
 satanophobia 
 schizophrenic 
 scorned 
 scornful 
 scowl 
 scowling 
 self-incrimination 
 self-torment 
 self-torture 
 sham 
 short-tempered 
 sightlessness 
 sirrah 
 snake_pit 
 sneering 
 snide 
 spavined 
 splashiness 
 springless 
 starving 
 stench 
 stink 
 struggling 
 styleless 
 surprise_attack 
 take_to_task 
 talentless 
 taunting 
 tearaway 
 techy 
 testy 
 tetchy 
 thick-skinned 
 throes 
 tightfisted 
 tinpot 
 tortured 
 tragical 
 trashy 
 traumatise 
 traumatize 
 trifling 
 troublesomeness 
 trumped-up 
 unadvisable 
 unalert 
 unauthentic 
 unaware 
 uncared-for 
 uncharitable 
 unchaste 
 uncivil 
 unclimbable 
 unconsecrated 
 unconsolable 
 uncordial 
 uncorrectable 
 uncreative 
 undependable 
 undeserved 
 undiplomatic 
 undiscerning 
 unedifying 
 unfertile 
 unfertilised 
 unfertilized 
 unforceful 
 unforeseeable 
 unforgivable 
 unfortunately 
 unglamorous 
 unglamourous 
 ungodliness 
 ungracefulness 
 ungraciousness 
 ungratified 
 unhallowed 
 unkindness 
 unknowable 
 unknowing 
 unluckily 
 unmeritorious 
 unpatriotic 
 unpeaceful 
 unpermissive 
 unpermissiveness 
 unpopularity 
 unpropitious 
 unrestraint 
 unripe 
 unripened 
 unsanctified 
 unsightliness 
 unsubstantial 
 untalented 
 untoward 
 unvigilant 
 unwatchful 
 upbraiding 
 verminous 
 vulgarity 
 wanness 
 whimper 
 whine 
 wimpish 
 wimpy 
 wistful 
 worm-eaten 
 worriment 
 worthless 
 wrecked 
 xenophobic 
 yen 
 abetalipoproteinemia 
 abuse 
 abusive 
 acerb 
 acerbic 
 ache 
 aching 
 achy 
 acned 
 acrimony 
 adamant 
 addle 
 aggravator 
 agonise 
 agonize 
 ail 
 alarming 
 alienating 
 ambuscade 
 ambush 
 amnesiac 
 amorally 
 amyotonia 
 anaemia 
 anemia 
 anxiety_disorder 
 apathy 
 apocalyptical 
 assassinated 
 assassination 
 at_a_lower_place 
 atonia 
 atonicity 
 atony 
 atrophy 
 attaint 
 badinage 
 balls-up 
 ballup 
 bane 
 baneful 
 barbaric 
 bare-knuckle 
 bare-knuckled 
 battle 
 battle_fatigue 
 bedlam 
 beneath 
 bilious 
 biliousness 
 binge-eating_syndrome 
 bittersweet 
 black-grey 
 black-haired 
 blackguardly 
 blackish-gray 
 blackish-grey 
 blain 
 blame 
 blemish 
 bluff_out 
 boo 
 boorish 
 boorishness 
 bounderish 
 brattish 
 bratty 
 brawler 
 brazen 
 breakability 
 broke 
 brook 
 brown-haired 
 buffalo 
 burdensomeness 
 buried 
 bust 
 cacography 
 caitiff 
 callow 
 canard 
 carry-the_can 
 catcall 
 cease_and_desist_order 
 chafed 
 charcoal_gray 
 charcoal_grey 
 chicanery 
 chicken_breast 
 chintzy 
 clash 
 clavus 
 coarsely 
 cockup 
 cold_war 
 combat 
 combat_fatigue 
 combat_neurosis 
 complexity 
 complexness 
 conceitedness 
 condescending 
 country-bred 
 cozen 
 crackbrained 
 crazy 
 creepy 
 crepuscular 
 criminalise 
 crudity 
 curse_word 
 daimon 
 damage 
 danger_line 
 daring 
 darken 
 dastardliness 
 deaf 
 deceivingly 
 deceptively 
 decry 
 defect 
 deficiency_disease 
 desert 
 desperado 
 desperate_criminal 
 destruct 
 detriment 
 difficulty 
 dimness 
 dinge 
 dinginess 
 disapprovingly 
 discord 
 discourteous 
 disgrace 
 dishonorable 
 disinterest 
 disjointedness 
 disobey 
 disobliging 
 disproportionate 
 disqualified 
 disrespect 
 dissembling 
 dissentious 
 disunity 
 divisive 
 dog's_breakfast 
 dog's_dinner 
 dog-eared 
 dogsbody 
 doom 
 dork 
 dowdiness 
 downspin 
 downstair 
 downstairs 
 drabness 
 drudging 
 dupe 
 dusky 
 dysmenorrhea 
 elegy 
 elements 
 endangered 
 enjoining 
 enjoinment 
 ersatz 
 erythroderma 
 excoriation 
 excruciation 
 executed 
 face_the_music 
 factious 
 faint 
 faithlessness 
 fake 
 fallen 
 falsify 
 famine 
 feign 
 feigning 
 fickle 
 fickleness 
 fitch 
 flash 
 flaw 
 flea-bitten 
 flim-flam 
 flinch 
 fly-by-night 
 foam_at_the_mouth 
 fob 
 for_sure 
 forbidding 
 foulmart 
 foumart 
 frangibility 
 frangibleness 
 fraudulently 
 frayed 
 frivolousness 
 froth_at_the_mouth 
 frowsty 
 frump 
 funk 
 fusillade 
 gall 
 galled 
 garish 
 gauche 
 generalized_epilepsy 
 ghastly 
 gimcrack 
 good-for-naught 
 good-for-nothing 
 gouty 
 gracelessness 
 grand_mal_epilepsy 
 grimness 
 grizzled 
 gruff 
 haphazardness 
 hard-of-hearing 
 hardship 
 harsh 
 hassle 
 health_problem 
 hearing-impaired 
 hell-kite 
 hell-rooster 
 higgledy-piggledy 
 hollow-back 
 hueless 
 huff 
 humdrum 
 hurt 
 hurtful 
 hurting 
 hypognathous 
 hypothyroidism 
 hysterics 
 identity_crisis 
 ignorance 
 ignorant 
 ill 
 ill-bred 
 ill_health 
 illegalise 
 illegalize 
 illogic 
 illogicality 
 illogicalness 
 imaginary 
 imbalance 
 immorally 
 immunodeficient 
 immutability 
 immutableness 
 impersonally 
 impious 
 imprecation 
 impreciseness 
 imprecision 
 imprudent 
 inadequacy 
 inanimate 
 inanition 
 inarguable 
 incomprehension 
 incrimination 
 inculpation 
 ineffective 
 inelastic 
 ineligible 
 inexorable 
 inexpressible 
 inexpugnable 
 inferno 
 inflexibility 
 inhumed 
 insentience 
 insubstantiality 
 interred 
 intolerable 
 intolerably 
 intransigent 
 invective 
 irrationally 
 irreducible 
 jeer 
 jeer 
 jeering 
 jejuneness 
 jumbled 
 kangaroo_court 
 kaput 
 keen 
 laboring 
 labouring 
 lace_into 
 laid_up 
 lam_into 
 lament 
 languish 
 lash_out 
 lay_into 
 licentious 
 life_imprisonment 
 listlessness 
 long-sufferance 
 long-suffering 
 looney 
 loony 
 lordosis 
 losings 
 losses 
 lousy 
 loutish 
 lowbred 
 lying_in_wait 
 maladroit 
 maladroitness 
 mangey 
 mangy 
 manic_disorder 
 maraud 
 marred 
 mental_anguish 
 mephitis 
 meritless 
 meshuga 
 meshugga 
 meshugge 
 meshuggeneh 
 meshuggener 
 mess-up 
 miff 
 miff 
 misgovernment 
 misleadingly 
 misrule 
 mongrel 
 mongrelise 
 mongrelize 
 moroseness 
 mourn 
 mourning 
 murder_conviction 
 murk 
 neandertal 
 neanderthal 
 nemesis 
 nerve 
 nether_region 
 no-account 
 no-count 
 nonchalance 
 nonconformance 
 nonconformism 
 nutcase 
 oafish 
 object 
 objurgate 
 obscurity 
 odynophagia 
 old_bag 
 ominous 
 onerousness 
 ordeal 
 osteophyte 
 outlaw 
 oxford_gray 
 oxford_grey 
 palsied 
 pandemonium 
 panic_disorder 
 paranoid 
 paraplegia 
 paraplegic 
 paroxysm 
 patronising 
 patronizing 
 peeve 
 peeve 
 penurious 
 perdition 
 perishability 
 perishableness 
 pettishness 
 pick_apart 
 pigeon_breast 
 pimpled 
 pimply 
 pitch_into 
 pittance 
 play_a_trick_on 
 play_tricks 
 poorly 
 precursory 
 predicament 
 premonitory 
 pretentiousness 
 prognathic 
 psychoneurotic 
 puffiness 
 pull_a_fast_one_on 
 purple-black 
 purplish-black 
 pusillanimity 
 pusillanimousness 
 pustulate 
 put_one_across 
 put_one_over 
 puzzle 
 quail 
 quarrelsome 
 radioactive_dust 
 rage 
 ravaging 
 ravaging 
 razz 
 razzing 
 rebuke 
 renege 
 reprehend 
 reprehension 
 reprimand 
 reproach 
 reproof 
 reproval 
 resent 
 revoke 
 rough-and-tumble 
 rough_sledding 
 roughish 
 rubbish 
 safehold 
 scandalise 
 scandalize 
 scarce 
 scarceness 
 scarcity 
 schmo 
 schmuck 
 scoff 
 scoffing 
 scold 
 scoundrelly 
 scrambled 
 scrawl 
 scruffy 
 seeing_red 
 semi-wild 
 sham 
 shell_shock 
 shiftlessness 
 shmo 
 shmuck 
 shoddy 
 skint 
 skull_and_crossbones 
 sleaze 
 smart 
 smarting 
 snappishness 
 sneer 
 sob_story 
 sob_stuff 
 somber 
 sombre 
 sordidness 
 speechless 
 spinal_curvature 
 spiritlessness 
 spite 
 spurious 
 spuriousness 
 squandermania 
 sterilised 
 sterilized 
 stochasticity 
 stomach 
 stone-broke 
 stony-broke 
 storm 
 stricture 
 subnormality 
 subpoena 
 subpoena_ad_testificandum 
 succor 
 succour 
 suffering 
 sullenness 
 surliness 
 swart 
 swarthy 
 swearword 
 swoon 
 tart 
 tasteless 
 tat 
 tawdry 
 tear_into 
 threatening 
 throe 
 thumbed 
 tiredness 
 to_a_lower_place 
 toiling 
 topsy-turvy 
 topsy-turvydom 
 topsy-turvyness 
 torturer 
 treacherous 
 trick 
 troubled 
 tsk 
 tsoris 
 tut 
 tut-tut 
 tyrannicide 
 unacceptably 
 unaccommodating 
 unalienable 
 unappetising 
 unappetizing 
 unarguable 
 unattackable 
 unattractive 
 unauthorised 
 unauthorized 
 unbearable 
 unbeatable 
 unblessed 
 unceremonious 
 uncheckable 
 unconcern 
 unconsciousness 
 uncouth 
 uncultured 
 underworld 
 unendurable 
 unenlivened 
 unentitled 
 unexpressible 
 unfailingly 
 unfavorable_judgment 
 unflattering 
 ungenerous 
 ungrateful 
 unguarded 
 unhappily 
 unhealthiness 
 unholy 
 unknowingness 
 unmodifiable 
 unpersuadable 
 unpleasing 
 unprofitable 
 unqualified 
 unreceptive 
 unreformable 
 unregularity 
 unreliable 
 unremunerative 
 unrighteous 
 unsafe 
 unsanctification 
 unsatisfactoriness 
 unsatisfied 
 unscholarly 
 unscrupulously 
 unsoundness 
 unstatesmanlike 
 unsuasible 
 unsuccessfully 
 untempting 
 unthinkable 
 untraceable 
 unverified 
 unwitting 
 unworthiness 
 vinegarish 
 vinegary 
 violet-black 
 vituperation 
 volatile 
 vulgarism 
 wail 
 walk_out_of 
 wan 
 wangle 
 war-ridden 
 warring 
 weariness 
 weigh_down 
 weirdo 
 wile 
 wrangle 
 writer's_block 
 yokel-like 
 yokelish 
 abnormal_psychology 
 abnormally 
 abrasive 
 abreact 
 absence_without_leave 
 accurse 
 accursed 
 accurst 
 ace_of_spades 
 acetoacetic_acid 
 act_of_terrorism 
 acute_brain_disorder 
 acute_organic_brain_syndrome 
 adipose 
 admonishing 
 adverse 
 afebrile 
 affective_disorder 
 aftertaste 
 aghast 
 agitating 
 agitative 
 agnail 
 agonising 
 agonizing 
 agranulocytic 
 ailing 
 aimlessness 
 airheaded 
 alarmism 
 alarum 
 albuminuria 
 algometer 
 alkalemia 
 alopecic 
 amateurish 
 ambulate 
 ambuscade 
 anaesthesia 
 analphabetism 
 anarchy 
 anathematise 
 anathematize 
 anchylosis 
 anergy 
 anesthesia 
 anginal 
 anginose 
 anginous 
 ankylosis 
 annihilation 
 antemortem 
 anti-intellectual 
 antianxiety_drug 
 antineoplastic 
 antineoplastic_drug 
 anxiety_hysteria 
 anxiolytic 
 anxiolytic_drug 
 aortic_orifice 
 aphakic 
 aphonia 
 apocalypse 
 appalled 
 appellant 
 arm_band 
 armlet 
 arsehole 
 arthralgia 
 assailability 
 assassinator 
 assaultive 
 assistant_professor 
 asthenosphere 
 astraphobia 
 at_loggerheads 
 attack_submarine 
 attacking 
 attrited 
 autocrat 
 awol 
 aztreonam 
 backhander 
 backswimmer 
 bad_egg 
 bafflement 
 ball_up 
 baritone 
 batrachomyomachia 
 battle_damage 
 battle_of_Spotsylvania_Courthouse 
 battle_royal 
 be_at_pains 
 beastliness 
 beat-up 
 beaten-up 
 beef 
 befuddlement 
 begrimed 
 behind 
 bellyache 
 bemusement 
 beriberi 
 berserk 
 berserker 
 besieged 
 bewilderment 
 biff 
 biohazard_suit 
 biserrate 
 black-capped_chickadee 
 black_and_white 
 black_bile 
 black_buffalo 
 blackwater_fever 
 blare 
 blaring 
 blench 
 blind_person 
 blitz 
 blitzkrieg 
 blood_disease 
 blood_disorder 
 blow_a_fuse 
 blow_one's_stack 
 blue-black 
 blue-white 
 bluish-white 
 bluish_black 
 blushing 
 blustering 
 blusterous 
 bobble 
 bodge 
 bollix 
 bollix_up 
 bollocks 
 bollocks_up 
 bolshy 
 boo 
 booby_hatch 
 boor 
 botch 
 botch_up 
 botched 
 boxershorts 
 brackish 
 branch_out 
 breach_of_warranty 
 break_someone's_heart 
 bright_side 
 bronchitic 
 bronchospasm 
 brown-black 
 brown-gray 
 brown-grey 
 browned_off 
 brownish-black 
 brownish-gray 
 brownish-grey 
 bruise 
 brunet 
 brush_down 
 bucking_bronco 
 buffer_zone 
 bullheaded 
 bungled 
 burgundy 
 bursting_explosive 
 by_luck 
 cacophonic 
 cacophonous 
 cacophony 
 cadaverine 
 caffer 
 caffre 
 caitiff 
 call-out 
 calorific 
 calumniation 
 cancer_drug 
 cantankerous 
 capital_punishment 
 caramel_brown 
 caries 
 cat 
 cat-o'-nine-tails 
 catastrophic 
 cavalier 
 censorious 
 chanceful 
 characterless 
 cheapjack 
 cheekiness 
 cheesed_off 
 chemical_operations 
 chemical_warfare 
 chest_register 
 chest_tone 
 chest_voice 
 chevalier 
 chicken_drumstick 
 chicken_leg 
 chilliness 
 chip_off 
 christless 
 clashing 
 clumsiness 
 coarsened 
 cod 
 coldcock 
 coldhearted 
 coldness 
 collide 
 combat_casualty 
 comedown 
 comminate 
 commit_suicide 
 complaining 
 complainingly 
 complaintive 
 complicate 
 complicatedness 
 condole 
 conduction_deafness 
 conductive_hearing_loss 
 consolable 
 constabulary 
 contempt_of_court 
 contracture 
 conversion_disorder 
 conversion_hysteria 
 conversion_reaction 
 cool-white 
 copout 
 coronach 
 counterfeit 
 countermove 
 counterpreparation_fire 
 crabbedness 
 crabbiness 
 craven 
 crazy_house 
 cretinous 
 criminal_law 
 criminative 
 criminatory 
 crinkled 
 crinkly 
 cripple 
 croak 
 croaking 
 crone 
 crookback 
 crookback 
 crookbacked 
 crossbones 
 crotchety 
 cruel 
 cruel_and_unusual_punishment 
 cuckoo's_nest 
 cumulonimbus 
 cumulonimbus_cloud 
 cur 
 curse 
 cursed_with 
 danger_zone 
 daredevil 
 dark-haired 
 dark_blue 
 darkened 
 dastard 
 dastard 
 dastardly 
 daunting 
 dauntless 
 dead-end 
 deaf 
 deaf_as_a_post 
 deaf_person 
 death_house 
 death_instinct 
 death_penalty 
 death_row 
 death_warrant 
 death_wish 
 debilitated 
 default 
 default_on 
 defencelessness 
 defenselessness 
 deleterious 
 delusions_of_persecution 
 demerara_rum 
 demonic 
 dental_caries 
 depersonalisation_disorder 
 depersonalisation_neurosis 
 depersonalization_disorder 
 depersonalization_neurosis 
 depigmentation 
 deprecate 
 deprecation 
 dermatosis 
 desolate 
 desperate_straits 
 despot 
 destructibility 
 detrimental 
 devil's_food 
 devil's_food_cake 
 diatribe 
 dicey 
 dilapidate 
 dipped 
 dire_straits 
 dirge 
 dirty_trick 
 disadvantage 
 disarray 
 disconcerting 
 discourtesy 
 discredit 
 disdainful 
 disentangled 
 disfavor 
 disfavour 
 disgruntle 
 dishonourable 
 dislogistic 
 dismayed 
 disreputability 
 disreputableness 
 disrespect 
 disrupting_explosive 
 dissatisfy 
 disseminated_multiple_sclerosis 
 disseminated_sclerosis 
 dissimulation 
 dissonate 
 distressfulness 
 distressingness 
 distrustfulness 
 diversionary_landing 
 dizzy 
 domestic_ass 
 double_cross 
 down-and-out 
 drawers 
 drunk-and-disorderly 
 dull-white 
 dyslogistic 
 dysuria 
 ebony 
 edentulous 
 elegist 
 embolus 
 emotional_disorder 
 emotional_disturbance 
 empty-headed 
 endangerment 
 enervated 
 enmesh 
 ensnarl 
 entanglement 
 erythema 
 essential 
 eternal_rest 
 eternal_sleep 
 evasiveness 
 exasperated 
 exclusionary_rule 
 excoriate 
 excruciating 
 executing 
 extremist 
 eyelessness 
 face_up 
 facer 
 fair_game 
 fall_flat 
 fall_through 
 falseness 
 family_Ixodidae 
 fantasist 
 fantods 
 fardel 
 featherbrained 
 fell 
 ferociousness 
 fetidness 
 fiasco 
 fiendish 
 filagree 
 filigree 
 fillagree 
 finable 
 fineable 
 finical 
 finicky 
 firebomb 
 fitfulness 
 flagitious 
 flaw 
 flexible_sigmoidoscopy 
 flimsiness 
 flip_one's_lid 
 flip_one's_wig 
 flout 
 flouter 
 flub 
 fluster 
 fly_off_the_handle 
 follies 
 foolhardy 
 foothill 
 footsore 
 for_the_moment 
 for_the_time_being 
 foreboding 
 foredoom 
 fossilised 
 fossilized 
 foul_up 
 fractiousness 
 fray 
 freak_out 
 frenetic 
 frore 
 frown 
 frowningly 
 fuck_up 
 fudge 
 fugaciousness 
 fugly 
 fulminant 
 funny_farm 
 funny_house 
 fuschia 
 futureless 
 gainlessly 
 gangdom 
 gangland 
 gangrenous 
 gaudery 
 gawk 
 gawker 
 gawp 
 gemfibrozil 
 genus_Bibos 
 genus_Branta 
 genus_Sivapithecus 
 geometrical_irregularity 
 get_worse 
 giddy 
 glibly 
 glossalgia 
 glossodynia 
 glowering 
 go-slow 
 go_ballistic 
 goblin 
 goggle 
 good-for-naught 
 good-for-nothing 
 goof-off 
 graceless 
 graffiti 
 graffito 
 granitelike 
 gratingly 
 gray-black 
 greenhorn 
 grey-black 
 greyish-black 
 gridlock 
 griever 
 grimy 
 gripe 
 grisly 
 groan 
 groan 
 gruesome 
 grungy 
 guanaco 
 guerilla 
 guerrilla 
 gynophobia 
 haemophilia_B 
 haemosiderosis 
 half-cock 
 half-hearted 
 half-mast 
 half-staff 
 halfhearted 
 hand-to-mouth 
 hangman's_halter 
 hangman's_rope 
 hangnail 
 haply 
 hard-and-fast 
 hard-baked 
 hard-pressed 
 hard_cheese 
 hard_knocks 
 hard_put 
 hardihood 
 harrowing 
 hatchet_job 
 have_a_fit 
 have_kittens 
 hazardousness 
 heartburn 
 heavy_lifting 
 heinous 
 hemophilia_B 
 hemosiderosis 
 hempen_necktie 
 hepatomegaly 
 herpes_virus 
 heterogeneity 
 heterogeneousness 
 heterology 
 hisser 
 hit_the_ceiling 
 hit_the_roof 
 homeliness 
 honkey 
 honkie 
 honky 
 hoo-ha 
 hoo-hah 
 hoodlum 
 hoodoo 
 hooligan 
 hoydenish 
 hullabaloo 
 human_death 
 humorless 
 humourless 
 humpbacked 
 humped 
 hunchbacked 
 hurly_burly 
 hydrogen-bomb 
 hydrogen_sulfide 
 hyperadrenocorticism 
 hyperemesis_gravidarum 
 hypermetropia 
 hypermetropy 
 hyperopia 
 hypoglycaemia 
 hypoglycemia 
 hypotensive 
 hypovolemic_shock 
 hysteric 
 hysterical_neurosis 
 iconoclasm 
 ignorantly 
 ill-fed 
 ill-gotten 
 ill-proportioned 
 ill_luck 
 illiteracy 
 imbecility 
 immolate 
 immortal 
 immunised 
 immunized 
 immunodeficiency 
 impenetrableness 
 imperil 
 impolitic 
 impropriety 
 impuissant 
 impunity 
 in_a_bad_way 
 inability 
 inaesthetic 
 inalienable 
 inapplicability 
 inappositeness 
 inaptness 
 inartistic 
 inattention 
 incapable 
 incertain 
 incognizable 
 incognoscible 
 incommodiousness 
 incompatibly 
 incompleteness 
 inconsistently 
 inconvenience 
 incorrigible 
 incredulous 
 incriminating 
 incriminatory 
 inculpative 
 inculpatory 
 incursive 
 indecorous 
 indecorously 
 indecorum 
 indefensible 
 indestructibility 
 indigent 
 indiscreet 
 indiscriminating 
 inelegance 
 inelegant 
 inelegantly 
 inexcusable 
 inexpedient 
 inexpert 
 inexplicable 
 inexplicitness 
 inferior_cerebellar_artery 
 inferior_pulmonary_vein 
 inframaxillary 
 infrared_therapy 
 infrequency 
 inhuman_treatment 
 inhumaneness 
 inhumanity 
 injurious 
 inquest 
 inquisition 
 insanitary 
 insect_bite 
 insincere 
 insincerity 
 instability 
 insult 
 insusceptible 
 intimidating 
 intrepid 
 invading 
 invulnerable 
 iron_boot 
 iron_heel 
 irrelevance 
 irrelevancy 
 irresolutely 
 jackanapes 
 jeerer 
 jeopardise 
 jeopardy 
 jeremiad 
 jerkiness 
 jerry-built 
 jotter 
 jumping_bristletail 
 kafir 
 keratalgia 
 keratectasia 
 keratonosis 
 kerfuffle 
 kettle_of_fish 
 kingdom_Monera 
 kingdom_Prokaryotae 
 kleptomaniac 
 knocked-out 
 knockout_punch 
 knottiness 
 kyphotic 
 lair 
 lamb's-quarter 
 lamentation 
 lamented 
 lamenter 
 lamenting 
 languid 
 languorous 
 lantern_jaw 
 laryngopharynx 
 lassitude 
 last_straw 
 lateral_condyle 
 lay_waste_to 
 laying_waste 
 lead_colic 
 leery 
 legless 
 lepidote 
 leprose 
 lie_in_wait 
 life-threatening 
 live_on 
 livedo 
 loco_disease 
 locoism 
 logginess 
 loginess 
 longsightedness 
 look_down_on 
 loony_bin 
 loosened 
 lordotic 
 lose_one's_temper 
 louse_up 
 low_blow 
 lower 
 lower_berth 
 lower_respiratory_infection 
 luckless 
 lugubrious 
 luridness 
 lycopene 
 lysine_intolerance 
 macabre 
 machilid 
 madhouse 
 magnified 
 major_affective_disorder 
 make_bold 
 maledict 
 maleficent 
 malinger 
 malodorousness 
 mandibular 
 mandibular_notch 
 mandibulofacial 
 mange 
 manic-depressive 
 manslayer 
 maraschino_liqueur 
 mastalgia 
 maxillomandibular 
 medial_condyle 
 medical_prognosis 
 megacolon 
 megalohepatia 
 megalomaniacal 
 megalomanic 
 melanoderma 
 melee 
 messy 
 metabolic_disorder 
 metralgia 
 mettle 
 middle-ear_deafness 
 minor_suit 
 minor_tranquilizer 
 minor_tranquilliser 
 minor_tranquillizer 
 mirthless 
 miscreation 
 miserableness 
 misquotation 
 misquote 
 misrepresent 
 misspelling 
 mistranslation 
 mistrustful 
 misused 
 mitigated 
 moan 
 moan 
 molester 
 moonless 
 morose 
 mortal_enemy 
 moth-resistant 
 mourner 
 mourning_band 
 mourning_ring 
 mug 
 mujahadeen 
 mujahadein 
 mujahadin 
 mujahedeen 
 mujahedin 
 mujahideen 
 mujahidin 
 multiple_sclerosis 
 murderee 
 murderer 
 muscle_spasm 
 mussy 
 mutilate 
 mutism 
 mysophilia 
 mysophobia 
 name_calling 
 names 
 narcosis 
 nastily 
 navy_blue 
 ne'er-do-well 
 necessary 
 necessitous 
 needless 
 nephralgia 
 nerve-racking 
 nerve-wracking 
 nervous_exhaustion 
 nervous_prostration 
 neurogenic_bladder 
 neurotropic 
 neutralization_fire 
 night_blindness 
 nightshirt 
 nimbus_cloud 
 no-account 
 nociceptive 
 nonchristian 
 nonconformity 
 nondescript 
 nonenterprising 
 noninflammatory 
 nonnatural 
 nonrhythmic 
 nonslippery 
 nontechnical 
 nontraditional 
 nosiness 
 notepaper 
 now_now 
 nubbly 
 nubby 
 numbness 
 nut_house 
 nuthouse 
 nyctalopia 
 nyctophobia 
 nympho 
 nymphomaniac 
 obscureness 
 obstreperousness 
 odd-job 
 odiousness 
 off-putting 
 off_the_hook 
 offensiveness 
 offish 
 old_gold 
 olive-gray 
 olive-grey 
 oosphere 
 ophthalmia 
 ophthalmitis 
 order_Moniliales 
 order_Mycrosporidia 
 order_Myxosporidia 
 organized_crime 
 ornery 
 ossified 
 osteoporosis 
 osteosclerosis 
 out_of_stock 
 outcry 
 overanxiety 
 overanxious 
 overbite 
 overbold 
 overmuch 
 overreaching 
 oversuspicious 
 overtolerance 
 painful 
 painter's_colic 
 pale 
 pallid 
 pallidity 
 pancake_turtle 
 pants 
 papal_cross 
 paralogism 
 paramnesia 
 paraphilia 
 parlous 
 patchy 
 patriarchal_cross 
 pearl_gray 
 pearl_grey 
 peevishness 
 pejorative 
 pepper-and-salt 
 perilous 
 perilousness 
 perishable 
 perplexing 
 personal_foul 
 personnel_casualty 
 petit_bourgeois 
 petite_bourgeoisie 
 petty_bourgeoisie 
 philistine 
 phrenetic 
 picky 
 pigheaded 
 pinkish-white 
 pins_and_needles 
 piss-up 
 plaintiff_in_error 
 play_possum 
 playlet 
 plenty 
 po-faced 
 podalgia 
 poignance 
 police 
 police_force 
 police_investigation 
 police_lieutenant 
 police_work 
 poltergeist 
 poor_white_trash 
 poorly 
 porkpie_hat 
 portacaval_shunt 
 posse 
 posse_comitatus 
 posthumously 
 poverty-stricken 
 powerlessness 
 pre-emptive_strike 
 precision_cookie 
 preventive_attack 
 preventive_strike 
 price_cut 
 price_cutting 
 prodromal 
 prodromic 
 profaned 
 profaneness 
 profanity 
 profitless 
 profitlessly 
 profoundly_deaf 
 prophetic 
 prophetical 
 proteinuria 
 provisionally 
 provoking 
 prying 
 pudge 
 pulseless 
 punctureless 
 punishable 
 punitive 
 punitory 
 purple-white 
 purplish-white 
 purposelessness 
 push_through 
 puzzlement 
 pyromania 
 pyrosis 
 quash 
 quavering 
 querulous 
 quietus 
 quixotic 
 radio_beam 
 radioprotection 
 rain_cloud 
 rancidness 
 rareness 
 rash 
 rasping 
 raspingly 
 reconnaissance_in_force 
 red-handed 
 re