 admirable 
 approval 
 cheer 
 cheer_up 
 comfortable 
 correct 
 decent 
 dependable 
 elated 
 exhilarating 
 favorable 
 favourable 
 gay 
 glad 
 gladden 
 golden 
 good 
 good 
 gracious 
 happy 
 honorable 
 joy 
 joyful 
 jubilant 
 just 
 nice 
 recreate 
 right 
 ripe 
 rosy 
 self-satisfied 
 sound 
 warmheartedness 
 adept 
 admiration 
 admire 
 affection 
 affectionate 
 affirmative 
 amative 
 amicable 
 approbative 
 approbatory 
 approve 
 approved 
 approving 
 beaming 
 beguiled 
 belonging 
 benefic 
 beneficence 
 beneficent 
 beneficial 
 benevolence 
 bewitching 
 blithely 
 blitheness 
 bucked_up 
 captivating 
 cheerful 
 cheerfully 
 cheering 
 chirk_up 
 complacence 
 complacency 
 complacent 
 confident 
 content 
 contented 
 contentment 
 courteous 
 devoted 
 elate 
 elating 
 embolden 
 enchanting 
 encouraged 
 enthralled 
 enthralling 
 enthrallment 
 enthusiasm 
 entranced 
 entrancing 
 esteem 
 estimable 
 euphoria 
 euphoriant 
 euphoric 
 euphory 
 excellent 
 exciting 
 exhilarated 
 exhilaration 
 expert 
 exuberance 
 exultant 
 exulting 
 fantabulous 
 fascinating 
 favorably 
 favourably 
 first-class 
 fortunate 
 friendliness 
 fulfil 
 fulfill 
 gayly 
 gladdened 
 gladsome 
 gleeful 
 gleefully 
 good 
 goodness 
 grateful 
 gratify 
 gratitude 
 gusto 
 happily 
 happiness 
 hearten 
 higher-up 
 hilarious 
 hopeful 
 jocularity 
 jocund 
 jocundity 
 jolliness 
 jollity 
 jolly 
 jolly_along 
 jolly_up 
 jovial 
 joy 
 joyfully 
 joyfulness 
 joyous 
 joyously 
 joyousness 
 jubilantly 
 kindly 
 lift_up 
 likable 
 likeable 
 liking 
 live_up_to 
 look_up_to 
 lovesome 
 loving 
 merrily 
 merry 
 mirthfully 
 optimism 
 optimistic 
 optimistically 
 peace-loving 
 peaceable 
 philia 
 plausive 
 pleased 
 pleasing 
 plus 
 practiced 
 proficient 
 reassured 
 rejoicing 
 respectable 
 salutary 
 sanguine 
 sanguineness 
 sanguinity 
 satiable 
 satisfactorily 
 satisfactory 
 satisfiable 
 satisfy 
 satisfying 
 self-complacency 
 self-complacent 
 self-satisfaction 
 skilful 
 skillful 
 splendid 
 stimulating 
 thankful 
 titillating 
 triumphant 
 undecomposed 
 unruffled 
 unspoiled 
 unspoilt 
 warmhearted 
 well 
 zealous 
 zest 
 zestfulness 
 able-bodied 
 adroit 
 affable 
 affluence 
 agreeableness 
 alleviate 
 amenity 
 amiable 
 applaudable 
 as_luck_would_have_it 
 assoil 
 auspicious 
 bang-up 
 bankable 
 banner 
 beamish 
 beauteous 
 beautiful 
 becoming 
 benignant 
 best 
 better-looking 
 blissful 
 blithesome 
 bonnie 
 bonny 
 boss 
 bouncing 
 brag 
 brilliance 
 bully 
 celebrated 
 cheery 
 cherubic 
 chipper 
 comely 
 commendable 
 commonsense 
 commonsensible 
 commonsensical 
 congratulatory 
 congruous 
 consuming 
 corking 
 correctitude 
 cosy 
 couthie 
 couthy 
 cracking 
 creditable 
 cum_laude 
 dandy 
 decorous 
 delightful 
 deliverance 
 desirable 
 diplomatical 
 dulcet 
 eleemosynary 
 especial 
 esteemed 
 eudaemonia 
 eudaimonia 
 exculpate 
 exonerate 
 fab 
 fair_to_middling 
 famed 
 famous 
 far-famed 
 fetching 
 fine-looking 
 finer 
 fortuitously 
 fortunately 
 further 
 gaiety 
 gifted 
 glorious 
 good-humored 
 good-humoured 
 good-looking 
 good_egg 
 good_enough 
 good_humor 
 good_humour 
 good_temper 
 gorgeous 
 gratifying 
 gratulatory 
 groundbreaking 
 hale 
 heroism 
 highbrow 
 highbrowed 
 honored 
 idealised 
 idealized 
 in_condition 
 ingenious 
 innovational 
 jesting 
 jocose 
 jocular 
 joking 
 judicious 
 justifiably 
 kick_upstairs 
 kid-glove 
 laudable 
 laughing 
 laureate 
 letter-perfect 
 level-headed 
 levelheaded 
 light-hearted 
 lighthearted 
 liked 
 logicality 
 logicalness 
 lovely 
 luckily 
 magna_cum_laude 
 mannerly 
 marvel 
 masterful 
 masterly 
 mellifluous 
 mellisonant 
 meritable 
 meritorious 
 mind-boggling 
 model 
 nifty 
 not_bad 
 notable 
 noted 
 noteworthy 
 obey 
 okay 
 on_the_button 
 on_the_nose 
 opportune 
 optimal 
 optimum 
 pastime 
 peaceful 
 perked_up 
 personable 
 philogyny 
 physical_fitness 
 pluperfect 
 polish_up 
 pollyannaish 
 praise 
 praiseworthy 
 precise 
 preferential 
 presentable 
 primo 
 profuseness 
 profusion 
 prolificacy 
 properness 
 propriety 
 prosper 
 prosperity 
 quotable 
 reanimate 
 renowned 
 reputability 
 reputable 
 rescue 
 respectability 
 respected 
 resplendent 
 reverential 
 revivify 
 riant 
 sainted 
 saintlike 
 saintly 
 sensibly 
 shape_up 
 sightly 
 sincere 
 skilled 
 skillfulness 
 slap-up 
 smashing 
 smiling 
 soundness 
 spiffing 
 splendiferous 
 square_shooter 
 starry-eyed 
 stimulated 
 stirred_up 
 straight_arrow 
 straight_shooter 
 strong_point 
 successfulness 
 suitable 
 summa_cum_laude 
 sunny 
 superb 
 sure-fire 
 sure-handed 
 sweet 
 sweet-scented 
 sweet-smelling 
 sweetly 
 swell 
 taking 
 talented 
 thrive 
 together 
 top-flight 
 top-hole 
 topping 
 trusted 
 twinkly 
 unfeigned 
 upbeat 
 upstanding 
 valiance 
 valiancy 
 valor 
 valorousness 
 valour 
 venerating 
 virtuoso 
 well-behaved 
 well-being 
 well-favored 
 well-favoured 
 well-preserved 
 well-thought-of 
 well_behaved 
 wellbeing 
 winning 
 wonder 
 wonderful 
 wonderment 
 wondrous 
 word-perfect 
 worthful 
 worthiness 
 worthwhile 
 worthy 
 accurate 
 adequate_to 
 admired 
 admittable 
 admittible 
 adoptable 
 adorable 
 advantage 
 advantageously 
 agog 
 all_right 
 alterative 
 amendable 
 amusive 
 ancillary 
 appositeness 
 appropriate 
 assentient 
 be_well 
 better_off 
 blest 
 blue-chip 
 boffo 
 bullish 
 charismatic 
 cherished 
 clean-living 
 cognisable 
 cognise 
 cognize 
 cognoscible 
 comme_il_faut 
 competence 
 competency 
 compliant 
 confirmative 
 confirmatory 
 conformism 
 congruence 
 congruity 
 congruousness 
 considerateness 
 copacetic 
 copasetic 
 copesetic 
 copesettic 
 corrigible 
 corroborative 
 corroboratory 
 countenance 
 courting 
 courtship 
 creditworthy 
 cunning 
 curative 
 debonair 
 debonaire 
 decided 
 decorousness 
 decorum 
 deft 
 demonstrative_of 
 dependability 
 dependableness 
 dexterous 
 dextrous 
 diverting 
 earnestness 
 ebullience 
 ecstatic 
 elastic 
 eligible 
 encomiastic 
 endearing 
 engaging 
 enjoyable 
 enlivened 
 enraptured 
 erotic 
 eulogistic 
 exalted 
 experienced 
 experient 
 exportable 
 express_joy 
 express_mirth 
 felicitous 
 fertilizable 
 festal 
 festive 
 fevered 
 fittingness 
 flattering 
 flourishing 
 gain_ground 
 gainly 
 get_ahead 
 good_nature 
 goody-goody 
 guarded 
 halcyon 
 handy 
 harmonical 
 harmonious 
 harmonised 
 harmonized 
 healing 
 heaven-sent 
 hedonic 
 hedonistic 
 high-minded 
 high-performance 
 honorific 
 honourable 
 honourably 
 humorous 
 humourous 
 hunky-dory 
 illustrious 
 impeccant 
 in_high_spirits 
 innovative 
 inspired 
 irenic 
 jaunty 
 knowable 
 laudatory 
 laugh 
 livable 
 liveable 
 magnificent 
 majestic 
 make_headway 
 malleability 
 manipulable 
 mesmeric 
 mesmerizing 
 noble-minded 
 o.k. 
 ok 
 okay 
 opportuneness 
 opportunist 
 palmy 
 panegyric 
 panegyrical 
 patness 
 peppy 
 perfectible 
 perky 
 photogenic 
 pious 
 placation 
 plasticity 
 pleasant 
 pleasurable 
 politic 
 practised 
 praiseful 
 praising 
 prepossessing 
 prestigious 
 prize 
 profit 
 promising 
 promotive 
 prospering 
 prudent 
 pulchritudinous 
 pull_ahead 
 quick-witted 
 rapt 
 rapturous 
 ratiocinative 
 rattling 
 ravishing 
 reconstructive 
 reliability 
 reliableness 
 respectful 
 rhapsodic 
 right-minded 
 righteousness 
 roaring 
 rose-cheeked 
 rosy-cheeked 
 rubicund 
 sanative 
 satiate 
 satiated 
 satisfactoriness 
 scalable 
 seemliness 
 seemly 
 sensuous 
 serious-minded 
 sinless 
 sociable 
 spellbinding 
 staid 
 staunch 
 suave 
 substantiating 
 substantiative 
 successful 
 symphonious 
 tenable 
 the_true 
 thought-provoking 
 thriving 
 time-honored 
 time-honoured 
 timeserving 
 tolerable 
 treasured 
 trusty 
 turn_a_profit 
 understated 
 unexceptionable 
 validating 
 validatory 
 valued 
 verificatory 
 verifying 
 versed 
 veteran 
 voluntarily 
 waggish 
 welcome 
 well-conducted 
 well-founded 
 well-informed 
 well-made 
 well-timed 
 well-turned 
 well-wishing 
 well_timed 
 wholesome 
 wholesomeness 
 willingness 
 winsome 
 wooing 
 workmanlike 
 able 
 abundant 
 acceptability 
 acceptable 
 acceptableness 
 accessary 
 accessible 
 accessory 
 acclaim 
 accommodating 
 accordant 
 accredited 
 ace 
 actual_sin 
 adequate 
 adequately 
 adequateness 
 adjuvant 
 administrable 
 admirability 
 admirableness 
 admiringly 
 admissible 
 adorned 
 advantage 
 advisable 
 aesthetical 
 affectionately 
 affirmatory 
 agreeability 
 agreeable 
 alimental 
 alimentary 
 all-around 
 all-embracing 
 all-encompassing 
 all-inclusive 
 all-round 
 allegiant 
 alluring 
 amiability 
 amused 
 amusing 
 angelic 
 angelical 
 animate 
 anthelminthic 
 anthelmintic 
 antifertility 
 antimicrobial 
 antimicrobic 
 appeasable 
 applaud 
 apposite 
 appraising 
 approachability 
 approachable 
 approbation 
 approvingly 
 aptitude 
 ascribable 
 assiduous 
 assistive 
 assured 
 astute 
 at_best 
 at_the_best 
 attire 
 attractive 
 autoerotic 
 avant-garde 
 aware 
 awe-inspiring 
 awesome 
 awing 
 ball-hawking 
 bankrupt 
 bantering 
 baronial 
 beatific 
 beatified 
 belly-up 
 benefit 
 blanket 
 blate 
 blessed 
 blow-by-blow 
 blue-ribbon 
 bonzer 
 bouncy 
 bowing 
 bracing 
 brilliant 
 brush_up 
 cagey 
 cagy 
 cantabile 
 canty 
 capable 
 carpetbagging 
 catholic 
 celibate 
 certificatory 
 champion 
 chary 
 chaste 
 chewable 
 chic 
 chirpiness 
 chivalrous 
 choice 
 christian 
 christlike 
 christly 
 circumspect 
 class_act 
 cleanliness 
 clear-eyed 
 clever 
 closelipped 
 closemouthed 
 cognisance 
 cognisant 
 cognizant 
 come_along 
 comestible 
 comfy 
 commendation 
 companionate 
 compatible 
 competent 
 complaisant 
 comradely 
 con_brio 
 conceptive 
 conciliable 
 conciliation 
 conciliative 
 concupiscent 
 conditioned 
 conformable 
 congenial 
 consecrate 
 consecrated 
 consensual 
 consent 
 consenting 
 consistently 
 consonant 
 constructive 
 consummate 
 contraceptive 
 controllable 
 convivial 
 cordial 
 correctable 
 corrective 
 correctness 
 countywide 
 courtly 
 crack 
 craftsmanship 
 crafty 
 creative 
 creative_thinking 
 creativeness 
 creativity 
 curative 
 cure 
 cute 
 cuttable 
 danceable 
 dashing 
 dead-on 
 dear 
 deck_out 
 deck_up 
 decorated 
 decorously 
 dedicated 
 deductible 
 deferent 
 deferential 
 delicious 
 deliver_the_goods 
 democratic 
 describable 
 deserved 
 deserving 
 designing 
 detailed 
 dewy-eyed 
 diligent 
 discriminate 
 dishy 
 disposable 
 diverted 
 do_good 
 docile 
 dosed 
 down-to-earth 
 down_pat 
 drinkable 
 earnest 
 eatable 
 edible 
 edifying 
 educative 
 efficacious 
 efficaciousness 
 efficacy 
 elaborated 
 elasticity 
 enabling 
 encyclopaedic 
 encyclopedic 
 entertained 
 entertaining 
 enticing 
 enwrapped 
 epicurean 
 epoch-making 
 epochal 
 equitable 
 errorless 
 esthetical 
 ethical 
 eudaemon 
 eudaemonic 
 eudemon 
 eudemonic 
 euphonious 
 euphonous 
 evaluative 
 exact 
 executable 
 expansive 
 expedient 
 explainable 
 explicable 
 exploded 
 expressible 
 face-saving 
 facetious 
 fair-and-square 
 faithful 
 fancify 
 fancy_up 
 farcical 
 feasible 
 fecund 
 feelingly 
 felicity 
 fertile 
 fig_out 
 fig_up 
 fine-tune 
 finespun 
 first-rate 
 fit 
 fitter 
 fitting 
 flourish 
 fly_high 
 foreseeable 
 formative 
 forward-looking 
 foster 
 foxy 
 frisky 
 fruiting 
 gainful 
 gallant 
 gentlemanlike 
 gentlemanly 
 get-at-able 
 getatable 
 good-humoredness 
 good-humouredness 
 good-naturedness 
 good-temperedness 
 good-time 
 good_for_you 
 good_health 
 good_manners 
 good_person 
 good_spirit 
 goodish 
 governable 
 gracefulness 
 graciousness 
 grand 
 greatest 
 groovy 
 guileful 
 gussy_up 
 habitable 
 hail-fellow 
 hail-fellow-well-met 
 halal 
 hallowed 
 handsome 
 harmonizable 
 healthful 
 healthfulness 
 healthier 
 healthiness 
 healthy 
 heart-healthy 
 heartening 
 heartfelt 
 helminthic 
 helpful 
 hi-fi 
 high-fidelity 
 high-grade 
 high_quality 
 historied 
 homelike 
 homey 
 homy 
 honor 
 honorableness 
 honorably 
 honoring 
 honour 
 honourableness 
 hospitable 
 hospitableness 
 hygienic 
 hygienical 
 identifiable 
 idyllic 
 imaginative 
 implemental 
 imposing 
 improvement 
 in_good_taste 
 incisive 
 indulgent 
 informed 
 ingratiating 
 inhabitable 
 inspiriting 
 intelligent 
 intent 
 interestingness 
 interpretable 
 intimate 
 inventive 
 iterative 
 jape 
 jest 
 justifiable 
 kept_up 
 killing 
 kind 
 kindly 
 kittenish 
 knavish 
 knowing 
 knowledgeable 
 kosher 
 ladylike 
 lamblike 
 larger-than-life 
 laurels 
 leal 
 learned 
 lettered 
 licenced 
 licensed 
 licitly 
 liege 
 life-giving 
 lifelike 
 light-fingered 
 lighten_up 
 lightsome 
 liven 
 liven_up 
 lofty 
 logical 
 lovable 
 loveable 
 loyal 
 luckiness 
 lucky 
 lucrative 
 lustrous 
 lusty 
 luxurious 
 lyrical 
 magnificence 
 maintained 
 manageable 
 manageably 
 mastered 
 matey 
 maximal 
 maximum 
 meaning 
 meaningful 
 meek 
 meet 
 melodious 
 merited 
 merriment 
 meticulous 
 metier 
 mirrorlike 
 mitigable 
 moralistic 
 morally 
 most-valuable 
 multiple-choice 
 neighborly 
 neighbourly 
 nimble-fingered 
 no-hit 
 nonnegative 
 nourishing 
 nutrient 
 nutritious 
 nutritive 
 obliging 
 observable 
 olympian 
 on-key 
 operable 
 optimist 
 opulent 
 originative 
 overabundant 
 overcautious 
 overcredulous 
 overjoyed 
 overriding 
 overripe 
 pacific 
 painterly 
 pally 
 palsy-walsy 
 paramount 
 parasiticidal 
 passable 
 passionate 
 peachy 
 percipient 
 perfectibility 
 perfumed 
 permutable 
 perspicacious 
 pertinent 
 picturesque 
 piety 
 piousness 
 plastic 
 playable 
 pleasantness 
 pleasingness 
 pledged 
 plenary 
 plenteous 
 plentiful 
 plethoric 
 polish 
 polite 
 popularity 
 potable 
 precaution 
 precious 
 precision 
 precooked 
 predominate 
 preferable 
 premium 
 prepared 
 preponderant 
 preponderating 
 prescient 
 preservable 
 prettify 
 pretty-pretty 
 priggish 
 prim 
 primed 
 prizewinning 
 productive 
 profit 
 profitable 
 prolific 
 pronounced 
 proper 
 prophylactic 
 propitiative 
 prosperous 
 proud 
 proud_of 
 prudish 
 puncturable 
 purposefulness 
 pursuant 
 rallying 
 randy 
 rational 
 ready 
 ready_to_hand 
 reanimated 
 reasonable 
 reasonably 
 reasoned 
 recherche 
 reclaimable 
 recollective 
 reconciled 
 reconciling 
 record-breaking 
 recuperative 
 recyclable 
 redeeming 
 referable 
 refreshful 
 refreshing 
 regardful 
 rehabilitative 
 reinforced 
 reiterative 
 releasing 
 reliable 
 remedial 
 repeatable 
 resolute 
 respect 
 restorative 
 reusable 
 revered 
 reverend 
 richness 
 rig_out 
 righteous 
 rightful 
 rock-loving 
 rousing 
 ruddy 
 ruttish 
 sacred 
 safety-related 
 sagacious 
 salubrious 
 sanctified 
 sane 
 sanely 
 saneness 
 sanity 
 scintillating 
 seasonable 
 seasoned 
 second-best 
 secretive 
 sedate 
 sedulous 
 select 
 self-assured 
 self-confident 
 self-directed 
 self-educated 
 self-imposed 
 self-made 
 self-reliant 
 self-supporting 
 semiconducting 
 semiconductive 
 sense_of_purpose 
 serendipitous 
 seriocomic 
 seriocomical 
 serious-mindedness 
 serve_well 
 serviceable 
 shapely 
 shaping 
 shining 
 sidesplitting 
 simplified 
 singing 
 sinkable 
 slavelike 
 sly 
 snazzy 
 solemn 
 solvency 
 sophisticated 
 spaciotemporal 
 sparkly 
 speakable 
 specifiable 
 speech-endowed 
 splendor 
 splendour 
 stableness 
 stalwart 
 standardised 
 standardized 
 stately 
 statewide 
 steadfast 
 sterling 
 stirring 
 straight-laced 
 straightarrow 
 straightlaced 
 strait-laced 
 strengthened 
 studded 
 sublime 
 successfully 
 sufficient 
 sumptuous 
 sun-loving 
 super 
 superabundant 
 superlative 
 supportive 
 supreme 
 surpassing 
 susceptible 
 sworn 
 sybaritic 
 synergetic 
 systematically 
 tactful 
 tamable 
 tameable 
 tasteful 
 teachable 
 tempting 
 tested 
 therapeutic 
 thorough 
 thrifty 
 tight-laced 
 tightlipped 
 timely 
 tiptop 
 tog_out 
 tog_up 
 tongue-in-cheek 
 top-grade 
 top-notch 
 top-quality 
 topnotch 
 tops 
 tractable 
 transposable 
 tremendous 
 trick_out 
 trick_up 
 tricksy 
 tried 
 triple-crown 
 true 
 true-blue 
 truehearted 
 truthful 
 turned_on 
 unalarming 
 unalloyed 
 unbeaten 
 unburied 
 unconquered 
 uncoupled 
 undefeated 
 unharmed 
 uninfected 
 unscathed 
 unswerving 
 unvanquished 
 upgrade 
 upscale 
 user-friendly 
 utterable 
 valuable 
 verdant 
 verve 
 viable 
 victorian 
 victorious 
 victory 
 viewable 
 vim 
 virtuous 
 vitality 
 vitalizing 
 vivify 
 voguish 
 voluptuary 
 voluptuous 
 votive 
 vowellike 
 water-loving 
 well-chosen 
 well-educated 
 well-grounded 
 well-mannered 
 well-off 
 well-qualified 
 well-read 
 well-rounded 
 well-tried 
 well_thought_out 
 wellness 
 whipping 
 wily 
 wiseness 
 wonderfulness 
 workable 
 workmanship 
 world-class 
 wrapped_up 
 zestful 
 zippy 
 ably 
 abounding 
 aboveboard 
 aboveboard 
 abreast 
 absorbing 
 accelerated 
 acceptably 
 acceptant 
 acclaim 
 acclamation 
 acclivity 
 accolade 
 accommodative 
 accomplishable 
 according 
 achievable 
 acquiesce 
 acquiescent 
 actionable 
 adaptability 
 adapted 
 addictive 
 addressed 
 adequacy 
 adjustable 
 admissive 
 adored 
 adrenocorticotrophic 
 adrenocorticotropic 
 advancing 
 advantageous 
 advertent 
 advertently 
 advised 
 aesthetic 
 affirmable 
 affirmative 
 affluent 
 agape 
 agglomerate 
 agglomerated 
 agglomerative 
 agile 
 aglitter 
 agreeably 
 airworthy 
 all-important 
 all-night 
 all_important 
 allegro_con_spirito 
 alright 
 amalgamate 
 amalgamated 
 amendatory 
 amentaceous 
 amentiferous 
 anchoritic 
 animating 
 answerable 
 antimonopoly 
 antitrust 
 apart 
 aplanatic 
 apocryphal 
 apodeictic 
 apodictic 
 appeasing 
 appetising 
 appetizing 
 applause 
 applicable 
 applicative 
 applicatory 
 apposable 
 approbate 
 appropriateness 
 approving 
 apropos 
 aptly 
 arable 
 arbitrary 
 aright 
 artistry 
 artsy-craftsy 
 arty-crafty 
 ascendable 
 ascendant 
 ascendent 
 ascendible 
 ascensive 
 ascertainable 
 aseptic 
 aspirant 
 aspiring 
 assent 
 assertable 
 asserted 
 assessable 
 associable 
 assuage 
 assuring 
 at_the_ready 
 attachable 
 attune 
 au_courant 
 au_fait 
 auspiciousness 
 autofluorescent 
 autogamic 
 autogamous 
 auxiliary 
 avertable 
 avertible 
 avoidable 
 avouchment 
 avowal 
 aweary 
 axenic 
 azure 
 babelike 
 beadlike 
 beady 
 beauteousness 
 beef_up 
 beefed-up 
 befitting 
 beingness 
 beloved 
 best_of_all 
 betrothed 
 better 
 betting 
 biddable 
 big-chested 
 bighearted 
 bimanual 
 bindable 
 bookish 
 booming 
 bordered 
 born 
 bosomy 
 bottom_round 
 bounce_back 
 bounden 
 bounteous 
 bountiful 
 bravura 
 brazen-faced 
 breathtaking 
 bridgeable 
 bright-red 
 bright_blue 
 bring_through 
 buffoonish 
 built 
 bullocky 
 bunce 
 buoyant 
 burr-headed 
 busty 
 buttonlike 
 buttony 
 cadenced 
 cadent 
 callipygian 
 callipygous 
 can-do 
 canny 
 canorous 
 capableness 
 capably 
 captive 
 card-playing 
 carry_to_term 
 case-by-case 
 case-hardened 
 casebook 
 catching 
 cathartic 
 causal 
 cautious 
 centralising 
 centralizing 
 certificated 
 cerulean 
 chained 
 champleve 
 characteristic 
 charming 
 cheerily 
 chess_master 
 chief 
 child-centered 
 childlike 
 chirpy 
 chiseled 
 choiceness 
 christianly 
 chubby 
 circumstantial 
 citywide 
 civility 
 clabber 
 clapping 
 clean-limbed 
 clean_bill_of_health 
 cleanable 
 clinking 
 cloisonne 
 cloistral 
 closet_drama 
 cloudless 
 clownish 
 clownlike 
 coalesced 
 coaxing 
 cocksure 
 coffee-table_book 
 cogitable 
 color 
 colour 
 combustible 
 comeliness 
 committed 
 common-law 
 common_sense 
 companionability 
 companionableness 
 compatibly 
 competently 
 complemental 
 completing 
 compliment 
 compliment 
 compos_mentis 
 comprehendible 
 comprehensible 
 comprehensive 
 conciliatory 
 condign 
 conductive 
 confederate 
 confederative 
 confidently 
 confining 
 confusable 
 congratulations 
 conscionable 
 consciousness 
 consentaneous 
 consentient 
 considered 
 constraining 
 constructiveness 
 contractable 
 conventual 
 conversant 
 convince 
 copious 
 copybook 
 copyedit 
 copyread 
 coquettish 
 cordial_reception 
 correctly 
 corruptibility 
 coruscant 
 cosher 
 cost-effective 
 cost-efficient 
 countrywide 
 crackerjack 
 credibly 
 credited 
 cringing 
 cultivable 
 cultivatable 
 cup_of_tea 
 curable 
 curvaceous 
 cut_out 
 cutting-edge 
 dapper 
 darling 
 daytime 
 dead_on_target 
 debenture_bond 
 debonnaire 
 declarable 
 definable 
 defined 
 definite 
 deliberate 
 deliverable 
 deluxe 
 denazify 
 derestrict 
 desegregation 
 deserve 
 deservedly 
 destabilisation 
 detachable 
 determinable 
 diagnosable 
 dianoetic 
 didacticism 
 digestibility 
 digestible 
 digestibleness 
 dignifying 
 diplomatic 
 directing 
 directive 
 dirigible 
 disabuse 
 disavowable 
 discernable 
 discernible 
 disciplinal 
 discoverable 
 discretional 
 discriminable 
 discriminative 
 disinflation 
 disjoined 
 distinguished 
 distrustfully 
 doable 
 donate 
 double-quick 
 dress 
 drilled 
 droll 
 ducal 
 ductile 
 eclectic 
 ecumenical 
 edified 
 edited 
 educated 
 effectivity 
 effectuality 
 effectualness 
 elasticised 
 elasticized 
 elder 
 elite 
 eloquent 
 emancipative 
 embonpoint 
 emended 
 empathetic 
 empathic 
 enable 
 enchained 
 encompassing 
 endear 
 endergonic 
 engrossing 
 enhancement 
 enhancive 
 enjoyably 
 enlivening 
 enough 
 enured 
 epideictic 
 epideictical 
 epigrammatic 
 ergodic 
 erudite 
 esthetic 
 ethically 
 eugenics 
 euphony 
 evident 
 evidential 
 evitable 
 excel_at 
 exchangeable 
 exhaustive 
 exhortative 
 exhortatory 
 exoteric 
 expeditious 
 explicit 
 explicitness 
 extant 
 exterior 
 extol 
 extoller 
 extolment 
 extraordinaire 
 extraversive 
 extroversive 
 faced 
 facilitatory 
 factuality 
 factualness 
 fain 
 fair-minded 
 fame 
 familiarising 
 familiarizing 
 famished 
 fascinated 
 fatherlike 
 fatherly 
 favorable_reception 
 favourable_reception 
 featured 
 feel_like_a_million 
 feel_like_a_million_dollars 
 felicitousness 
 fervency 
 fervidness 
 festivity 
 fettle 
 filmable 
 fissionable 
 five-needled 
 flirtatious 
 foldable 
 foldaway 
 folding 
 forward-moving 
 four-needled 
 freebee 
 freebie 
 freehearted 
 freewill 
 fresh-cut 
 fulgid 
 full-blown 
 full-bodied 
 full-bosomed 
 full-dress 
 full-fashioned 
 full_of_life 
 fully_fashioned 
 fused 
 gainfulness 
 galvanising 
 galvanizing 
 gaping 
 gemmed 
 gentlefolk 
 germfree 
 germinal 
 get_well 
 getable 
 gettable 
 gift_wrap 
 gilt-edged 
 gingerly 
 giving 
 glamorise 
 glamourize 
 glinting 
 glistering 
 glittering 
 glittery 
 glossy 
 glove_leather 
 glowing 
 go 
 godsend 
 good-natured 
 good-neighborliness 
 good-neighbourliness 
 good_luck_charm 
 good_sense 
 good_weather 
 graceful 
 graciously 
 grade-appropriate 
 grandeur 
 greater 
 greathearted 
 gripping 
 grovelling 
 gushy 
 habit-forming 
 haleness 
 hallow 
 hammy 
 hand_clapping 
 handclap 
 hands-on 
 hard-nosed 
 health_food 
 hearing 
 heartwarming 
 hearty 
 heed 
 heedfully 
 helpfully 
 hermitic 
 high-powered 
 high-principled 
 high-tension 
 high_status 
 higher_up 
 histrionic 
 home-brewed 
 home-cured 
 homeopathy 
 homoeopathy 
 honestness 
 honeyed 
 honor 
 honour 
 horse_sense 
 hortative 
 hortatory 
 hospitality 
 hot_war 
 house-to-house 
 huge 
 humorously 
 hurried 
 hypnotised 
 hypnotized 
 ice-free 
 idolised 
 idolized 
 ignescent 
 immense 
 immunocompetent 
 impellent 
 importunate 
 imposingly 
 impressible 
 impressionable 
 impressive 
 impressively 
 improving 
 in-chief 
 in_a_higher_place 
 in_order 
 incorruption 
 incorruptness 
 indefatigable 
 inebriated 
 inflatable 
 influential 
 inlaid 
 inpatient 
 insightful 
 insolvent 
 integrating 
 intellectual 
 intended 
 interactional 
 interestingly 
 introversive 
 introvertive 
 inured 
 invaluable 
 invigorated 
 invigorating 
 inviolate 
 invitatory 
 inviting 
 inwrought 
 irremediable 
 jeweled 
 jewelled 
 jimdandy 
 jimhickey 
 judicable 
 keep_track 
 key 
 kind-hearted 
 kindhearted 
 knockout 
 knowingly 
 kudos 
 laborsaving 
 laboursaving 
 ladened 
 landscaped 
 large-minded 
 laud 
 laudator 
 lauder 
 lawfully 
 lawfully-begotten 
 legality 
 legged 
 legibl