abatir
abochornar
aborrecer
acongojarse
aflicción
afligir
afligirse
amargura
angustia
angustiado
antipatía
apesadumbrado
arrepentido
asqueroso
atroz
cabreado
congoja
contrariedad
contrito
crueldad
culpabilidad
deprimente
deprimir
desagradable
desagradar
desagrado
desalentar
desconsolado
desdicha
desesperado
desolado
detestar
difícil
disgustar
dolorido
doloroso
enfadado
enojado
enojoso
espantoso
exasperar
fastidioso
frustrado
horroroso
insatisfecho
iracundo
irascible
irritante
mal_humor
malhumor
malévolo
melancólico
miedoso
molesto
mosqueado
odiar
odio
ofender
oscuro
pesadumbre
pesar
rencor
resentimiento
sombrío
temer
tener_miedo
terrible
triste
vilipendio
acoso
airado
angustiosamente
animadversión
ansiosamente
apenarse
apocar
aprensivo
asqueadamente
ataque_de_pánico
avaricioso
avaro
avergonzante
berrinche
calamitoso
cargante
codiciar
coléricamente
compadecer
compadecerse
compunción
cínico
dar_asco
defraudado
depre
deprimido
desagradecimiento
desanimar
desasosegadamente
desasosegado
desconsuelo
desdeñar
desecho
desesperadamente
desesperanzado
desfallecimiento
deshonrado
destructivo
detestación
dificultoso
disforia
disgustoso
dolido
embarazoso
encolerizarse
enfadarse
enfadoso
enfurecerse
enfurecido
engorroso
enojarse
entristecerse
entristecido
estremecedor
fastidiado
frustrante
furibundo
horrendo
horrorizado
humillante
ignominioso
indignado
indignante
ingratitud
irritado
lastimero
lóbrego
lúgubre
macabro
maleficencia
malevolencia
malignidad
maléfico
misantrópico
misoginia
misántropo
misógino
mohíno
mortificante
mortificar
oprobioso
pataleta
pavoroso
perturbador
pie_de_guerra
provocado
quejumbroso
rabieta
sentimiento_de_culpa
terrorífico
transtornado
trastorno_de_ansiedad
turbado
ultrajante
vejación
verraquera
adinamia
adulterino
agarrado
aguas_movedizas
amenazador
ampollar
angustiar
antiestético
apestoso
asesino
asimetría
ataque_de_nervios
atrofia
autodestructivo
averno
calumniador
calumnioso
censurable
cerrilismo
ceño
ceño_fruncido
cicatero
colapso_nervioso
condenable
condenatorio
condolencia
condolencias
contrabandista
crisis_nerviosa
criticable
de_forma_impersonal
declarar_culpable
denigrador
denigratorio
depresión_nerviosa
desacreditador
desamparar
desaprovechamiento
desarmonía
desasistir
desconocer
descorazonar
desequilibrio
desesperanzar
desgraciados
deshonor
desprestigiador
desventajoso
deteriorable
difamador
difamatorio
disconformidad
discontinuidad
disimulador
envilecimiento
escrofuloso
espurio
excoriación
expensas
falsario
faltar_al_respeto
fechoría
feo
fingir
frunción
fríamente
fétido
fóbico
garrapo
guindar
hijo_de_ganancia
hijo_ilegítimo
hipocondríaco
homicida
huraño
idigno_de
impasable
impersonalmente
inanidad
incompetencia
inconstructivo
incriminable
incultura
indigestible
ineficacia
ineficiencia
inelasticidad
ineligible
infierno
infranqueable
inhabilidad
injurioso
inobservancia
insubstancialidad
intransitable
irrepresentable
kitsch
lagrimar
lerdo
llamada_de_atención
mal_carácter
malhumorado
maloliente
maniacodepresivo
matar_violentamente
matutero
mentiroso
metedor
no_cualificado
noluntad
orco
padecimiento
parásitos
perturbación_violenta
pestilente
pillado
poco_amable
poco_atento
poco_gentil
poco_servicial
poner_los_cuernos
protestatario
protestativo
psicopatológico
psicopático
punto_flaco
putada
putería
putrescible
pésame
quitar_de_enmedio
ramplonería
rata
recriminable
regañón
reino_de_las_tinieblas
reprensible
reprochable
retraso_mental
roncería
sacar_de_quicio
saqueado
ser_infiel
sin_amor
suicida
tacaño
tenebroso
tontamente
torcedor
veleidoso
a_toda_prisa
a_todo_correr
abúlico
acongojado
agonizar
agónico
ahuecamiento
algofóbico
amencia
antipatriótico
aparatosidad
asesinato_público
ataque_sorpresa
autoincriminación
autoinculpación
autotormento
autotortura
aventurado
bastedad
bilioso
burlón
canallada
canallesco
caradura
carcomido
causar_un_trauma
ceguedad
ceguera
ceñudo
contumelia
cretino
culpa
debilidad_mental
degradarse
denunciable
desafortunadamente
desesclarecedor
deshonrarse
deshonrosamente
despreciado
destructividad
desvancerse
detestado
dispéptico
echar_una_reprimenda
encontrón
encuentro_violento
engravecer
enloquecido
envanecimiento
espúreo
esquizofrénico
falta_de_amabilidad
fraudulento
fruncir_el_entrecejo
gafe
golpiza
hedor
hipocondría
hosco
idiota
imperfectamente
impetuoso
impopularidad
imprevisión
imprevisor
impropicio
inamovible
incombinable
inconsolable
indigerible
indigno
ineficiente
inexpiable
inextricable
infligir
inflingir
ingrato
inhospitalidad
insolvencia
insultante
invidencia
irreversible
linchar
lividez
luto
magnicidio
malparir
mefítico
misofóbico
nido_de_arañas
no_autorizado
no_cognoscible
no_edificante
odiado
paroxismo
pasividad
pestazo
pleito
poco_acogedor
poco_creativa
poco_creativo
poco_favorable
poco_fiable
poco_pacífico
poner_verde
profanado
pérdida_auditiva
qué_lástima
regañar
reprender_a_gritos
satanofobia
sin_tratamiento
sin_tratar
sordera
sucedáneo
sufrir_un_colapso_nervioso
sufrir_una_crisis_nerviosa
tener_unas_palabras
testaduro
tirón_de_orejas
tramposo
traumatizar
tufillo
tufo
vermiculado
verminoso
xenófobo
ñoño
abetalipoproteinemia
acetoso
acriminación
adulterar
afanar
agobiar
agobio
agonía
agorero
agridulce
altercado
amnésico
amortecerse
anglofobia
angustia_mental
apechar
apretura
aprieto
arisco
arrizar
arruinarse
asesinar
asesinato
asolador
atezado
atonía
atrofiarse
aturdimento
avinagrado
bastardo
basto
befar
birlar
bloqueo_del_escritor
brete
bufar
camorrero
cansancio
carente
cargarse
cascarrabias
castigar
censurador
chabacanería
chacoteo
chafarrinón
chaquetero
choquear
citación_a_comparecencia
combatir
comparendo
condena_por_asesinato
conflicto
contrasentido
contratar_esquiroles
correría
corrupto
crisis_de_identidad
dar_un_chasco
dar_un_portazo
dañoso
defecto
deficiencia
delito
desaconsejado
desagradecido
desasimiento
desasistido
desautorizar
descalificado
descaramiento
descortesía
descortés
desenmadejar
desfavorable
deshonra
deshonrar
desigualmente
deslucimiento
desobedecer
desproporcionado
destructor
destruirse
desértico
detrimento
discordia
dismenorrea
disturbar
divisivo
doler
dramón
elegía
embabucar
embaucar
embaír
emboscada
en_situación_crítica
en_un_aprieto
encandilar
encargarse_de
endiablado
engañosamente
engreimiento
enterrado
epilepsia_generalizada
equilibrar_riesgos
eritrodermia
escapatoria
escocedura
escozor
estar_enfermo
estar_indispuesto
estrago
estática
faccioso
falazmente
falsificar
falta_de_entendimiento
farfolla
filfa
fin_del_mundo
fracasar
fullería
fusilar
galbana
garabatos
garrapato
gilipollas
gris_carbón
grosero
grosería
haber_borrasca
haber_ráfaga
haber_temporal
hacer_bromas
hambruna
hediondez
hijo_de_puta
hijoputa
hipognato
hipotiroidismo
holgazanería
hortera
hosquedad
hurtar
ido
ignorancia
ignorante
ilógico
imaginado
imaginario
impensable
imperdonable
implacable
imprecación
improperio
impropiedad
impás
inadmisible
inanimado
inapetente
inapetitoso
incognoscible
incomprensión
increpación
increpar
incriminación
inculpación
indecencia
indecoroso
indigesto
inexpugnable
infernal
infundir_miedo
infundir_temor
inhabilitado
inmerecido
inmutabilidad
insensitividad
irreconocible
irrecuperable
irreducible
irse_de
jugar_una_broma
lanzar_improperios_contra
lasitud
llorar
lluvia_radioactiva
lordosis
mal
maldición
mandinga
medida_cautelar
melodramático
mentir
mestizar
mácula
nada_halagador
no_elástico
obscuridad
odinofagia
oscurecerse
osteofito
padecer
pajarota
palabra_malsonante
palabrota
paranoico
paraplejia
paraplejía
paraplégico
peleador
peligroso
penalizar
pendenciero
perdida
perdularia
peso_muerto
picaresca
pitada
poco_apetitoso
poco_elástico
poco_erudito
poco_escrupulosamente
poco_halagador
poco_ilustrado
poco_receptivo
precariedad
presagio_negativo
principiante
problema_de_salud
prognato
prohibidor
provincianismo
pusilanimidad
quejido
rachear
rebato
recalcitrar
rechiflar
recular
regañina
regaño
reniego
reprochar
reproche
resentirse
resignacion
rosario_raquítico
roñoso
rudo
ruin
rácano
saltarse
saprófito
silbas
sin_éxito
siniestro
socorrer
soez
subdesarrollo
sueldo_de_hambre
sufrimiento
sufrir_una_regresión
tipo_raro
tiranicidio
tirarse_un_farol
tomar_prestado
tosquedad
traicionar
trastorno_maníaco
trastornos_biliares
tísico
vaya
vituperación
volteado
volubilidad
voluble
yerto
zafiedad
zafio
ablandabrevas
abombar
abordabilidad
abroncar
aburrir
abusión
acalorar
aciago
acidez_de_estómago
acoquinado
acracia
acusación_falsa
adiposo
adustez
agentes
agranulocítico
alarmismo
albuminuria
algómetro
alopécico
aminorado
amnesia_retrógrada
analfabetismo
anarquía
anatematizar
anestesia
anginal
anginoso
angustioso
aniquilación
aniquilamiento
anodino
anquilosis
antagonizar
ante-mortem
apelante
apocalipsis
ardentía
ardor_de_estómago
ardores
arrasamiento
arremeter_contra
arruinamiento
arteria_cerebelosa_inferior
artralgia
asaltante
asesinato_mafioso
asolar
astrafobia
astuta
astuto
atacante
ataque_repentino
aterrador
atolladero
atormentarse
atrasarse
aventar
avitaminosis_B1
ay
azarosamente
aztreonam
azul_marino
añadir_una_imperfección
baja_de_personal
baldado
batracomiomaquia
befa
bellacamente
berenjenal
beriberi
bibos
biserrado
blanquito
bluff
bombardeo_aéreo
bragas
brazal_de_luto
broncoespasmo
bronquítico
caballo_rojo
cabezudo
cabezón
cacofonía
cacofónico
cadaverina
caer_de_plano
cafre
cagarla
cagón
calambrazo
calambre
calumnia
canotier
canotié
canto_fúnebre
cantonero
cariadura
casa_de_locos
castigable
cataclísmico
catastrofismo
chapuza
charro
cheposo
chiquilicuatro
chirriante
chismosa
chucho
cita_errónea
cizañar
cleptómano
cnidiosporidios
colchoneta
cominero
comisar
complicar
comprometedor
con_escepticismo
condenar_de_antemano
condolerse
confrontar
conmoción_cerebral
consolable
contrabandear
contrahacimiento
contrahecho
corcovado
cosa_indispensable
crepuscular
criminalmente
criticón
crueldad_asesina
cruz_papal
cruz_patriarcal
cruz_pontificia
cruzarse_de_brazos
crédulo
cubil
curco
curioseo
de_forma_indecorosa
de_reojo
decoloración
deletereo
demandante_en_casación
demente
deprecación
derecho_penal
desabrido
desanimadamente
desapacible
desaprensión
desatención
descariñado
descolorido
desdeñable
desenmarañado
deseo_de_muerte
desequilibrio_emocional
desfavorecer
desgraciadamente
deshonestamente
deshonesto
desinclinado
desmejorar
desmesura
desorientamiento
desprotección
desproveído
destructibilidad
dificultad
disimulación
disonancia
disparejo
disuria
dolor_agudo
dura_crítica
elegiaco
embastecido
embravecido
empalidecer
empeorarse
en_demasía
en_la_inconsciencia
en_modo_profano
encame
endecha
enemigo_mortal
enemistar
enervado
enfermedad_de_la_sangre
enfrentamiento
enfrentar
ennegrecer
ennegrecerse
enrarecido
entorpecer
entrometida
entumecido
envilecido
eritema
escarcharse
escarnecedor
esclerosis_múltiple
esguince
esmerarse
espasmo
espasmo_muscular
especiosidad
espermicida
espondilitis
esporádico
estado_incompleto
estar_pendiente
estereotipado
estranguladores
estremecido
estresante
estribación
estúpidamente
evasivo
exasperado
excesivamente
excrecencia
exponer_al_peligro
extremado
extremista
faisandé
fake
falsear
falta
falta_de_respeto
falta_de_sabor
faltar_a_clases
familia_Ixodidae
fanafarronada
fantaseador
fatalidad
fatídico
ferocidad
feúcho
fiebre_blackwater
fiebre_hemoglobinúrica
fiereza
fingimiento
fisgoneo
fosilizado
fragilidad
fragor
fuerzas_del_orden
fuerzas_del_orden_público
gangrenoso
gemfibrozil
genus_bibos
genus_sivapithecus
giboso
ginofobia
glosalgia
glosodinia
gorigori
grado_de_reacción
graffiti
granítico
graso
graznidos
guanaco
guasón
guerrillero
gustillo
género_Branta
hacer_novillos
hacer_pedazos
hacer_peligrar
hacer_pucheros
hampa
hastiar
hediondo
hemopatía
hemosiderosis
hepatomegalia
heterodoxo
heterogeneidad
hiperadrenocorticalismo
hipoglucemia
histeria_de_angustia
histeria_de_conversión
histérico
huelga_de_celo
husmeo
hórrido
iconoclasia
iconoclasía
ignorado
impiedad
impolítico
imposible_de_oponérsele
impropiamente
impunidad
inanición
inaplicabilidad
inatención
inceremonioso
inclumplir
incompatiblemente
inconcebible
inconstitucional
inconveniente
incriminatorio
inculpatorio
indecoro
indefensión
indestructibilidad
indignidad
inelegancia
inelegantemente
inescrupuloso
inexcusablemente
inexperiencia
inexplicable
inexplicación
infección_respiratoria_inferior
inframaxilar
ininteligente
injustificadamente
inmolar
innavegable
inoperable
insalvable
insalvables
insatisfacible
insensibilizado
insincero
insoportable
insostenible
instinto_de_muerte
insulsez
insulto
insustancialidad
intimidante
investigación_judicial
invidente
irrespetuoso
ixódidos
jeremiada
jorobado
jorobado
lado_bueno
lado_positivo
lamentablemente
lamentación
lamentado
laringofaringe
lenguaje_soez
licopeno
lisiado
litera_de_abajo
liza
llevar_duelo
llorado
llorón
loquera
majara
majareta
mala_fe
mala_jugada
maletudo
malintencionado
malograrse
mandibular
mangar
maniacodepresivo
manida
mantenerse_fresco
manzana_podrida
marcha_sindical
martirio
mastalgia
matar_a_tiros
maximalista
megalomaníaco
mequetrefe
metralgia
microsporidios
misofobia
mitigado
mixosporidios
mofador
monstruosidad
muela_del_juicio
multable
mundo_del_crimen
muslo_de_pavo
mutilado
muyahid
narcosis
narcotismo
necedad
nefando
negro-azulado
nictalopía
ninfómana
no_comprometido
no_demostrado
no_excitable
no_pagar
no_reconocido
no_resbaladizo
no_resbaloso
no_saludable
no_susceptible
no_tradicional
novato
nubarrón
nubes_de_guerra
obseso
odiosidad
ofenderse
oftalmia
oftalmía
orden_de_ejecución
ordinariez
oscurecido
osteoporosis
pajarraca
pajarraco
palidecer
paludismo_hemolítico
pandear
parafilia
paralogismo
parquedad
parte_inferior
patetismo
patéticamente
patético
pejiguero
pelafustán
pena_capital
pena_de_muerte
penitenciario
pequeño_burgués
perecedero
perplejo
perro_mestizo
perrucho
picotada
picotazo
pifiado
piloto_de_combate
piquetazo
piromanía
pirosis
plomizo
poco_cariñoso
poco_dispuesto
poco_estimulante
poco_excitable
poco_excitante
poco_femenino
poco_naturalmente
poco_ortodoxo
poco_saludable
poco_simpatizante
poco_solidario
poeta_elegíaco
poltergeist
ponerse_tenso
por_accidente
por_ahora
por_azar
posse_comitatus
prevaricación
prodrómico
producción_insuficiente
profanidad
profesor_agregado
pronóstico_médico
proteinuria
provisionalmente
psicopatología
punch
punible
punitivo
punto_débil
puñetazo
puñete
puñetero
pájara
pérdida_del_autocontrol
pícara
quebradero
quebradero_de_cabeza
queja_constante
quejica
quejicoso
quejosamente
quejumbre
quemadura_de_segundo_grado
queratalgia
querencia
quijotesco
rarito
rascada
rascadura
rasposo
reclamar_legalmente
recurrente
redoble
reducción_de_precios
refocilo
regodeo
reino_monera
rencoroso
repelón
replegarse
reprensión
requiescat
resabio
retraïdo
rookie
ropa_de_luto
rucio
rusticidad
rutinario
sabotaje
salobre
saturnino
scratch
sin_comprobar
sin_demostrar
sin_evidencia
sin_pruebas
sin_sentido
sobreexcitación
sobresalto
sociopático
sofisma
sofocador
sordera_de_transmisión
sordo
speakeasy
stogie
stogy
subalimentado
subproducción
subyugado
sueño_eterno
suicidarse
superstición
síndrome_de_Cushing
sínfisis
taberna_clandestina
tanatofobia
teatro_de_revista
teniente_de_policía
terracota
terrorismo
thuggee
tono_áspero
tormenta
torpedear
toxicidad
trabajo_sucio
traducción_incorrecta
trastornado
trastorno_de_personalidad
trastorno_metabólico
trato_inhumano
traumático
treno
tribunal_superior
trifulca
tristemente
tullido
tunco
turbador
tórtola
urodinia
vacunado
vamos
vena_sigmoide
vencido
vermut_dulce
vermú_dulce
vermú_negro
viciado
vieja_bruja
vieja_fea
viejuja
viento
vil
vileza
vituperioso
vociferación
voluntariedad
voluntarismo
volátil
víctima_mortal
zambombo
zarrapastroso
zona_peligrosa
