acertado
admirable
admirar
afectuoso
afición
afortunado
agradable
agradecido
alegre
alentador
amable
amar
amistoso
atractivo
bien
bienestar
bonito
buen
bueno
cautivador
competente
complacencia
complaciente
contento
correcto
cortés
cuidadoso
decente
diestro
disfrutar
divertido
divertirse
dulce
encantador
entusiasmo
entusiasta
estima
estimulante
euforia
excelente
experto
fascinante
favorable
felicidad
feliz
ferviente
fiable
gracioso
gratificante
honorable
honrado
honrar
hábil
idóneo
jovial
jubiloso
justo
júbilo
magnífico
mañoso
optimista
placentero
positivo
prometedor
regocijado
regocijar
respetable
saludable
sano
satisfacer
satisfactorio
satisfecho
seductor
simpático
sonriente
vigorizante
útil
a_gusto
adorador
afectividad
agradado
agradar
alborozar
alegrarse
amigable
amoroso
aprobado
aprobativo
aprobatorio
arrebatador
autocomplacencia
benefactor
beneficencia
beneficioso
benéfico
buen_humor
buena_voluntad
bueno
confiadamente
confort
contentamiento
contento
dar_confianza
dar_ánimos
devoto
embebecimiento
embriagar
esperanzador
estimulador
exuberancia
fervoroso
habilidoso
hilarante
jocundidad
jovialidad
optimístico
regocijador
risueño
saciable
satisfacible
satisfecho_de_sí_mismo
suertudo
tranquilizado
triunfante
venturoso
victorioso
vigorizador
acaudalar
acogedor
afable
afortunadamente
alabar
amenidad
apreciado
armonioso
bendito
bien
bien_parecido
bonachón
buen_carácter
buen_estado_físico
buen_tipo
buena_forma
buena_forma_física
citable
clamoroso
clavado
conmovido
cooperativo
célebre
dar_aliento
deleitoso
destacable
dotado
en_forma
encomiable
esplendoroso
espléndido
exculpar
famoso
favorecedor
filántropo
finísimo
glorioso
harmonioso
hermoso
heroicidad
heroísmo
honorabilidad
honorado
idealizado
juicioso
laudable
lindo
loable
magistral
manitas
medrar
merecedor
meritorio
modoso
modélico
notable
pacífico
perfectamente
preferente
presentable
prosperar
prosperidad
punto_fuerte
querúbico
respetabilidad
respetado
respetar
rubicundo
salvamento
talentoso
ventajoso
óptimo
abordable
adecuada
adoptable
afirmativo
alcista
ameno
apegado
arrojado
beato
bendecido
beneficiarse
bien_hecho
bienaventuranza
bienvenido
bizarro
buena_disposición
canjeable
carismático
chistoso
cognoscible
confidente
confirmador
confirmante
congruencia
conocible
constructivo
corroborante
curativo
dar_permiso
dar_ventaja
deseable
dicha
elegible
enmendable
entrañable
escalable
estandarizado
estimado
exhuberancia
exitoso
experimentado
fastuoso
fehaciente
fidedigno
fotogénico
garboso
grato
guapo
halagüeño
harmonizado
hedonístico
hedónico
honor
honorablemente
honorífico
hospitalario
idoneidad
la_verdad
laudatorio
mejoría
obtener_frutos
panegírico
perito
plasticidad
polifacético
pujante
realzado
reconstructor
reformable
remediador
reír
sacar_provecho
sacar_ventaja
saciado
salubre
sanador
sublime
valedero
verificador
veterano
virtuosillo
virtuoso
voluntariamente
abundante
accesible
aceptabilidad
aceptable
acomodado
acompasado
aconsejable
acreditado
adecuado
administrable
admirabilidad
admirablemente
admisible
adornado
afabilidad
afectuosamente
agrado
alimenticio
amabilidad
angelical
anglofilia
antihelmíntico
antimicrobiano
apaciguable
aplaudir
aprobado
apropiado
aptitud
apto
apuesto
asíduo
atractividad
atrayente
autodidacta
autoimpuesto
auxiliar
axénico
bellaco
bello
bienaventurado
brillantez
bruñido
buena_persona
buena_salud
caballero
caballeroso
cachondo
calidad_superior
campeón
capaz
carácter_agradable
casto
catártico
cauteloso
cauto
celebrado
certificativo
certificatorio
chachi
chic
chusco
circunspecto
comedido
comestible
compatible
con_admiracion
con_tratamiento
conceptivo
conciliación
conciliado
confortable
congraciador
congruente
consagrado
consensuado
controlable
convalidar
conveniente
copioso
cordial
cordura
correctivo
corregible
creatividad
creativo
cualificado
culto
cumplir_lo_prometido
curativa
curativo
célibe
de_confianza
decencia
decible
decorado
decoro
decoroso
deducible
deferente
demostrativo
describible
descriptible
desenganchado
desenterrado
destreza
detallado
detenido
digno
disociar
dispuesto
distinguido
divertidísimo
docto
domesticable
edificante
educable
educado
educativo
efectividad
eficaz
eficiencia
elástico
embelesado
enardecedor
enciclopédico
entregado
entretenido
entretenimiento
equitativo
erudito
especializado
especificable
espíritu_bueno
estimable
eudemónico
exacto
expansivo
explicable
explícit
expresable
factible
fecundo
fenomenal
fiel
flamante
fogosidad
formalizado
formativo
formidable
fortalecido
frutal
fulgor
fértil
galante
galantear
gallardo
ganador
generosa
generosamente
genial
guay
habilitante
habitable
halagador
harmonizable
harmónico
helmíntico
hospitalidad
identificable
idílico
igualado
iluminarse
ilustrado
ilustre
imaginativo
imponente
incontaminado
indicado
inferible
informado
ingenioso
instruido
intelectual
inteligente
interesante
interesarse
interpretable
inventivo
invicto
iterativo
juguetón
justificable
ladino
leal
letrado
lisonjero
lógico
majestuoso
manejable
maravilloso
medicinal
mejor
merecido
mesurado
miramiento
mitigable
moralizador
máximo
no_alarmante
noble
nutritivo
obediente
observable
observancia
ocurrente
operable
oportuno
optimista
opulento
parasiticida
pasable
patente
pausado
perfectibilidad
perfecto
perseverante
pertinente
pinchable
plenario
pletórico
popularidad
practicable
precaución
precioso
preciso
precocinado
preferible
preparado
preponderante
presciente
preservable
prestigioso
previsor
privilegiado
probado
procedencia
productivo
productor
profiláctico
progresar
prolífero
prolífico
promover
propiciador
propicio
proteccionista
prudente
práctico
próspero
purificado
querido
racional
razonable
reciclable
reconciliador
reconstituyente
recuperativo
rehabilitador
reiterativo
remedio
remirado
rentable
repetible
respetuoso
retozón
retribuido
reverendo
reverente
revivificar
sabio
sagaz
salir_adelante
salvador
santificado
santo
selecto
semiconductor
sensato
sentido
seriocómico
servible
servir_para
sexi
sibarítico
significante
significativo
simplificado
sin_enterrar
sincero
sobreabundante
socarrón
sociable
soportador
sostenible
suficiente
superabundante
sustancioso
súper
tener_éxito
terapéutico
testeado
tibio
tolerable
torneado
tratable
triumfar
valioso
vencedor
venerado
veraz
viable
victoria
vitalizante
vivificante
vocálico
voluptuoso
ético
a_buena_fé
absorto
abundoso
acaudalado
acelerado
aceptador
acicalado
aclamación
acomodaticio
aconsejado
actualizado
adaptado
adecuación
adinerado
admisibilidad
admisivo
adorable
adorado
adrenocorticotrópico
afirmativo
ahorrador
ahorrativo
airosidad
ajustable
al_día
alabanza
alabar_con_exceso
alcista
aligerar
allegro_con_spirito
alquilable
altilocuente
amado
amalgamado
ambidiestro
ameliorar
amentífero
amovible
anacorítico
antimonopolio
antiséptico
apaciguador
apareado
apasionante
aplanético
aplicable
aplicado
apodíctico
apoyado
aprendido
arable
ascendible
asociable
aséptico
atractivo
autosuficiente
averiguable
aviejarse
avivado
azul_marino
bastante
beatificado
beatífico
bebido
bien_definidos
bien_educado
bienintencionado
bordeado
bromista
buen_gusto
buen_tiempo
buenas_condiciones
cadencioso
cadente
cantable
característico
caritativo
casadero
centralizador
civilidad
colmado
combustible
comedia
compatiblemente
comprimible
comprobable
concienciable
conciliador
condicionado
conductivo
conductor
conformar
consentimiento_tácito
constitucional
constructividad
consumado
consumar
contestable
copetudo
correctitud
cuaderno_de_escritura
cultivable
curable
cursi
dadivoso
dar_el_éxito
de_la_estación
definible
delectable
desafectado
desambiguedad
descansado
desconfiadamente
descubrible
desegregación
desencantar
desgravable
desinflación
desmontable
despavilado
despejado
determinable
diagnosticable
digestibilidad
digestible
discernible
disciplinal
diserto
disputable
distinguible
dorado
dúctil
ecléctico
elocuente
emancipador
embergadura
embriagador
emocionante
emplumado
empático
en_términos_morales
encadenado
energizante
energético
enfundado
enjoyado
ennoblecedor
envainado
envejecerse
epicúreo
epigramático
equilibrio_mental
eremitíco
escogido
esmaltado
espaldarazo
espavilado
especialización
espiritualidad
estabilidad
estabilizador
estudioso
estético
eufonía
eufónico
eugenesia
eugenismo
evidencial
evitable
exhaustivo
exhausto
exhortatorio
exotérico
expeditivo
explicitación
explicitud
extensísimo
extenuado
fama
fascinado
fascinador
fatigado
fertilidad
festejo
fiducial
filmable
fisionable
flexionado
focalizado
forrado
fortalecedor
galanteo
ganancioso
ganarse_el_cariño
gazmoño
germinal
gozo
graciosidad
grandiosidad
hacer_atractivo
hacer_atrayente
halagar
higiénico
hipertónico
hipnotizado
histriónico
homeopatía
honores
immaculado
impresionable
impudente
incambiable
incitante
inclusivo
incorrupción
indisimulado
influenciable
innovador
insolvente
intachable
intencional
invalorable
jocoso
juego_de_salón
justiciable
labrantío
laureado
laurear
laureles
lavorable
legalidad
leído
liberador
limitador
liricidad
loar
lustroso
macro
madurado
magnánime
maniatado
maniobrable
marinería
medicamentoso
meditado
melodioso
mezclable
miopía
miramento
mismísimo
modernizado
mojigato
moldeable
moralmente
nato
neutralizado
novel
nutrido
náutica
núbil
obligación_simple
obligación_sin_garantía
ocurrencia_oportuna
orientarse
ortotropo
ovacionar
paciente_interno
panorámico
papel_de_regalo
participativo
patricio
patriótico
payaso
perfeccionado
permisividad
permutable
persuasión
petulante
piadoso
pintoresco
plegable
poner_a_salvo
ponerse_bien
pormenorizado
pornográfico
precavido
preciosura
preeminente
premiar
preservado
prevención
profundizable
profuso
programa_de_rehabilitación
prometido
propiciación
propiciatoriedad
protagonismo
prudencial
pudiente
puntería
pío
racionalidad
rastrero
ratificar
realizable
reanimado
recepción_cordial
recepción_favorable
recio
reconciliable
rectificable
rectitud
recubierto
recuperable
refinar
reflectante
reformatorio
refrendada
refrescante
regente
regulable
rendido
rentabilidad
reparable
replegable
reponerse
representable
representante
resoluble
respaldado
respingón
resplandeciente
retenido
revalidar
revelador
revitalizado
rosáceo
rumboso
sacrosanto
salud_mental
savoir-faire
seleccionado
selectivo
semiprecioso
sentido_común
seráfico
sexuado
sinvergüenza
solvencia
solvente
sublimado
subsanable
subsistir
suertero
sujetable
sumergible
sumo
super
superno
sustancialidad
sómatico
tapizado
taraceado
tasable
templado
tentador
tonicidad
tonificado
transitivo
transplantable
transportable
trasmisible
trasplantable
trata
turístico
técnico
unánime
usabilidad
usual
utilitarismo
validado
valorable
varonil
vendido
venerable
verificado
verismo
vigorizado
voto_de_confianza
válido
zurdo
